Component: ARM Compiler 5.06 update 7 (build 960) Tool: armlink [4d3601]

==============================================================================

Section Cross References

    startup_stm32f103xe.o(RESET) refers to startup_stm32f103xe.o(STACK) for __initial_sp
    startup_stm32f103xe.o(RESET) refers to startup_stm32f103xe.o(.text) for Reset_Handler
    startup_stm32f103xe.o(RESET) refers to stm32f1xx_it.o(i.NMI_Handler) for NMI_Handler
    startup_stm32f103xe.o(RESET) refers to stm32f1xx_it.o(i.HardFault_Handler) for HardFault_Handler
    startup_stm32f103xe.o(RESET) refers to stm32f1xx_it.o(i.MemManage_Handler) for MemManage_Handler
    startup_stm32f103xe.o(RESET) refers to stm32f1xx_it.o(i.BusFault_Handler) for BusFault_Handler
    startup_stm32f103xe.o(RESET) refers to stm32f1xx_it.o(i.UsageFault_Handler) for UsageFault_Handler
    startup_stm32f103xe.o(RESET) refers to port.o(.emb_text) for SVC_Handler
    startup_stm32f103xe.o(RESET) refers to stm32f1xx_it.o(i.DebugMon_Handler) for DebugMon_Handler
    startup_stm32f103xe.o(RESET) refers to port.o(i.SysTick_Handler) for SysTick_Handler
    startup_stm32f103xe.o(RESET) refers to stm32f1xx_it.o(i.DMA1_Channel3_IRQHandler) for DMA1_Channel3_IRQHandler
    startup_stm32f103xe.o(RESET) refers to stm32f1xx_it.o(i.TIM3_IRQHandler) for TIM3_IRQHandler
    startup_stm32f103xe.o(RESET) refers to stm32f1xx_it.o(i.USART3_IRQHandler) for USART3_IRQHandler
    startup_stm32f103xe.o(RESET) refers to stm32f1xx_it.o(i.TIM7_IRQHandler) for TIM7_IRQHandler
    startup_stm32f103xe.o(.text) refers to system_stm32f1xx.o(i.SystemInit) for SystemInit
    startup_stm32f103xe.o(.text) refers to entry.o(.ARM.Collect$$$$00000000) for __main
    main.o(i.Error_Handler) refers to printf3.o(i.__0printf$3) for __2printf
    main.o(i.Error_Handler) refers to stm32f1xx_hal.o(i.HAL_Delay) for HAL_Delay
    main.o(i.HAL_TIM_PeriodElapsedCallback) refers to stm32f1xx_hal.o(i.HAL_IncTick) for HAL_IncTick
    main.o(i.SystemClock_Config) refers to memseta.o(.text) for __aeabi_memclr4
    main.o(i.SystemClock_Config) refers to stm32f1xx_hal_rcc.o(i.HAL_RCC_OscConfig) for HAL_RCC_OscConfig
    main.o(i.SystemClock_Config) refers to stm32f1xx_hal_rcc.o(i.HAL_RCC_ClockConfig) for HAL_RCC_ClockConfig
    main.o(i.SystemClock_Config) refers to main.o(i.Error_Handler) for Error_Handler
    main.o(i.main) refers to stm32f1xx_hal.o(i.HAL_Init) for HAL_Init
    main.o(i.main) refers to main.o(i.SystemClock_Config) for SystemClock_Config
    main.o(i.main) refers to gpio.o(i.MX_GPIO_Init) for MX_GPIO_Init
    main.o(i.main) refers to dma.o(i.MX_DMA_Init) for MX_DMA_Init
    main.o(i.main) refers to fsmc.o(i.MX_FSMC_Init) for MX_FSMC_Init
    main.o(i.main) refers to usart.o(i.MX_USART1_UART_Init) for MX_USART1_UART_Init
    main.o(i.main) refers to usart.o(i.MX_USART3_UART_Init) for MX_USART3_UART_Init
    main.o(i.main) refers to tim.o(i.MX_TIM3_Init) for MX_TIM3_Init
    main.o(i.main) refers to tim.o(i.MX_TIM2_Init) for MX_TIM2_Init
    main.o(i.main) refers to spi.o(i.MX_SPI1_Init) for MX_SPI1_Init
    main.o(i.main) refers to stm32f1xx_hal.o(i.HAL_Delay) for HAL_Delay
    main.o(i.main) refers to lcd_function.o(i.LCD_Init) for LCD_Init
    main.o(i.main) refers to xpt2046.o(i.XPT2046_Init) for XPT2046_Init
    main.o(i.main) refers to cmsis_os2.o(i.osKernelInitialize) for osKernelInitialize
    main.o(i.main) refers to freertos.o(i.MX_FREERTOS_Init) for MX_FREERTOS_Init
    main.o(i.main) refers to cmsis_os2.o(i.osKernelStart) for osKernelStart
    freertos.o(i.MX_FREERTOS_Init) refers to cmsis_os2.o(i.osThreadNew) for osThreadNew
    freertos.o(i.MX_FREERTOS_Init) refers to freertos.o(.constdata) for .constdata
    freertos.o(i.MX_FREERTOS_Init) refers to freertos.o(i.StartDefaultTask) for StartDefaultTask
    freertos.o(i.MX_FREERTOS_Init) refers to freertos.o(.data) for .data
    freertos.o(i.MX_FREERTOS_Init) refers to freertos.o(i.TouchTask) for TouchTask
    freertos.o(i.StartDefaultTask) refers to printf3.o(i.__0printf$3) for __2printf
    freertos.o(i.StartDefaultTask) refers to tasks.o(i.vTaskDelay) for vTaskDelay
    freertos.o(i.TouchTask) refers to lcd_function.o(i.LCD_SetAllColor) for LCD_SetAllColor
    freertos.o(i.TouchTask) refers to lcd_function.o(i.LCD_Clear) for LCD_Clear
    freertos.o(i.TouchTask) refers to xpt2046.o(i.xpt2046_read) for xpt2046_read
    freertos.o(i.TouchTask) refers to printf3.o(i.__0sprintf$3) for __2sprintf
    freertos.o(i.TouchTask) refers to printf3.o(i.__0printf$3) for __2printf
    freertos.o(i.TouchTask) refers to lcd_function.o(i.LCD_ShowString_Line) for LCD_ShowString_Line
    freertos.o(i.TouchTask) refers to lcd_function.o(.bss) for lcddev
    freertos.o(.constdata) refers to freertos.o(.conststring) for .conststring
    dma.o(i.MX_DMA_Init) refers to stm32f1xx_hal_cortex.o(i.HAL_NVIC_SetPriority) for HAL_NVIC_SetPriority
[...]
    i.__scatterload_zeroinit                 0x0800425c   Section       14  handlers.o(i.__scatterload_zeroinit)
    i._printf_core                           0x0800426c   Section        0  printf3.o(i._printf_core)
    _printf_core                             0x0800426d   Thumb Code   436  printf3.o(i._printf_core)
    i._sputc                                 0x08004424   Section        0  printf3.o(i._sputc)
    _sputc                                   0x08004425   Thumb Code    10  printf3.o(i._sputc)
    i.fputc                                  0x08004430   Section        0  usart.o(i.fputc)
    i.main                                   0x08004448   Section        0  main.o(i.main)
    i.osKernelInitialize                     0x08004490   Section        0  cmsis_os2.o(i.osKernelInitialize)
    i.osKernelStart                          0x080044c8   Section        0  cmsis_os2.o(i.osKernelStart)
    i.osThreadNew                            0x08004508   Section        0  cmsis_os2.o(i.osThreadNew)
    i.prvAddCurrentTaskToDelayedList         0x080045ac   Section        0  tasks.o(i.prvAddCurrentTaskToDelayedList)
    prvAddCurrentTaskToDelayedList           0x080045ad   Thumb Code    84  tasks.o(i.prvAddCurrentTaskToDelayedList)
    i.prvAddNewTaskToReadyList               0x08004608   Section        0  tasks.o(i.prvAddNewTaskToReadyList)
    prvAddNewTaskToReadyList                 0x08004609   Thumb Code   190  tasks.o(i.prvAddNewTaskToReadyList)
    i.prvCheckForValidListAndQueue           0x080046d8   Section        0  timers.o(i.prvCheckForValidListAndQueue)
    prvCheckForValidListAndQueue             0x080046d9   Thumb Code    72  timers.o(i.prvCheckForValidListAndQueue)
    i.prvCopyDataFromQueue                   0x08004730   Section        0  queue.o(i.prvCopyDataFromQueue)
    prvCopyDataFromQueue                     0x08004731   Thumb Code    38  queue.o(i.prvCopyDataFromQueue)
    i.prvCopyDataToQueue                     0x08004756   Section        0  queue.o(i.prvCopyDataToQueue)
    prvCopyDataToQueue                       0x08004757   Thumb Code   108  queue.o(i.prvCopyDataToQueue)
    i.prvDeleteTCB                           0x080047c2   Section        0  tasks.o(i.prvDeleteTCB)
    prvDeleteTCB                             0x080047c3   Thumb Code    52  tasks.o(i.prvDeleteTCB)
    i.prvHeapInit                            0x080047f8   Section        0  heap_4.o(i.prvHeapInit)
    prvHeapInit                              0x080047f9   Thumb Code    66  heap_4.o(i.prvHeapInit)
    i.prvIdleTask                            0x08004844   Section        0  tasks.o(i.prvIdleTask)
    prvIdleTask                              0x08004845   Thumb Code    82  tasks.o(i.prvIdleTask)
    i.prvInitialiseNewQueue                  0x080048a4   Section        0  queue.o(i.prvInitialiseNewQueue)
    prvInitialiseNewQueue                    0x080048a5   Thumb Code    34  queue.o(i.prvInitialiseNewQueue)
    i.prvInitialiseNewTask                   0x080048c6   Section        0  tasks.o(i.prvInitialiseNewTask)
    prvInitialiseNewTask                     0x080048c7   Thumb Code   156  tasks.o(i.prvInitialiseNewTask)
    i.prvInsertBlockIntoFreeList             0x08004964   Section        0  heap_4.o(i.prvInsertBlockIntoFreeList)
    prvInsertBlockIntoFreeList               0x08004965   Thumb Code    72  heap_4.o(i.prvInsertBlockIntoFreeList)
    i.prvInsertTimerInActiveList             0x080049b0   Section        0  timers.o(i.prvInsertTimerInActiveList)
    prvInsertTimerInActiveList               0x080049b1   Thumb Code    52  timers.o(i.prvInsertTimerInActiveList)
    i.prvIsQueueEmpty                        0x080049e8   Section        0  queue.o(i.prvIsQueueEmpty)
    prvIsQueueEmpty                          0x080049e9   Thumb Code    28  queue.o(i.prvIsQueueEmpty)
    i.prvProcessReceivedCommands             0x08004a04   Section        0  timers.o(i.prvProcessReceivedCommands)
    prvProcessReceivedCommands               0x08004a05   Thumb Code   198  timers.o(i.prvProcessReceivedCommands)
    i.prvProcessTimerOrBlockTask             0x08004ad0   Section        0  timers.o(i.prvProcessTimerOrBlockTask)
    prvProcessTimerOrBlockTask               0x08004ad1   Thumb Code   172  timers.o(i.prvProcessTimerOrBlockTask)
    i.prvResetNextTaskUnblockTime            0x08004b84   Section        0  tasks.o(i.prvResetNextTaskUnblockTime)
    prvResetNextTaskUnblockTime              0x08004b85   Thumb Code    26  tasks.o(i.prvResetNextTaskUnblockTime)
    i.prvSampleTimeNow                       0x08004ba4   Section        0  timers.o(i.prvSampleTimeNow)
    prvSampleTimeNow                         0x08004ba5   Thumb Code    36  timers.o(i.prvSampleTimeNow)
    i.prvSwitchTimerLists                    0x08004bcc   Section        0  timers.o(i.prvSwitchTimerLists)
    prvSwitchTimerLists                      0x08004bcd   Thumb Code   102  timers.o(i.prvSwitchTimerLists)
    i.prvTaskExitError                       0x08004c38   Section        0  port.o(i.prvTaskExitError)
    prvTaskExitError                         0x08004c39   Thumb Code    36  port.o(i.prvTaskExitError)
    i.prvTimerTask                           0x08004c60   Section        0  timers.o(i.prvTimerTask)
    prvTimerTask                             0x08004c61   Thumb Code    32  timers.o(i.prvTimerTask)
    i.prvUnlockQueue                         0x08004c84   Section        0  queue.o(i.prvUnlockQueue)
    prvUnlockQueue                           0x08004c85   Thumb Code   106  queue.o(i.prvUnlockQueue)
    i.pvPortMalloc                           0x08004cf0   Section        0  heap_4.o(i.pvPortMalloc)
    i.pxPortInitialiseStack                  0x08004dc8   Section        0  port.o(i.pxPortInitialiseStack)
    i.us_timer_delay                         0x08004dec   Section        0  driver_timer.o(i.us_timer_delay)
    i.uxListRemove                           0x08004e20   Section        0  list.o(i.uxListRemove)
    i.vApplicationGetIdleTaskMemory          0x08004e48   Section        0  cmsis_os2.o(i.vApplicationGetIdleTaskMemory)
    i.vApplicationGetTimerTaskMemory         0x08004e5c   Section        0  cmsis_os2.o(i.vApplicationGetTimerTaskMemory)
    i.vListInitialise                        0x08004e74   Section        0  list.o(i.vListInitialise)
    i.vListInitialiseItem                    0x08004e8a   Section        0  list.o(i.vListInitialiseItem)
    i.vListInsert                            0x08004e90   Section        0  list.o(i.vListInsert)
    i.vListInsertEnd                         0x08004ec0   Section        0  list.o(i.vListInsertEnd)
    i.vPortEnterCritical                     0x08004ed8   Section        0  port.o(i.vPortEnterCritical)
    i.vPortExitCritical                      0x08004f18   Section        0  port.o(i.vPortExitCritical)
    i.vPortFree                              0x08004f40   Section        0  heap_4.o(i.vPortFree)
    i.vPortSetupTimerInterrupt               0x08004f9c   Section        0  port.o(i.vPortSetupTimerInterrupt)
    i.vPortValidateInterruptPriority         0x08004fc0   Section        0  port.o(i.vPortValidateInterruptPriority)
    i.vQueueAddToRegistry                    0x08005014   Section        0  queue.o(i.vQueueAddToRegistry)
    i.vQueueWaitForMessageRestricted         0x0800503c   Section        0  queue.o(i.vQueueWaitForMessageRestricted)
    i.vTaskDelay                             0x08005080   Section        0  tasks.o(i.vTaskDelay)
    i.vTaskInternalSetTimeOutState           0x080050cc   Section        0  tasks.o(i.vTaskInternalSetTimeOutState)
    i.vTaskMissedYield                       0x080050dc   Section        0  tasks.o(i.vTaskMissedYield)
    i.vTaskPlaceOnEventList                  0x080050e8   Section        0  tasks.o(i.vTaskPlaceOnEventList)
    i.vTaskPlaceOnEventListRestricted        0x08005118   Section        0  tasks.o(i.vTaskPlaceOnEventListRestricted)
    i.vTaskStartScheduler                    0x08005150   Section        0  tasks.o(i.vTaskStartScheduler)
    i.vTaskSuspendAll                        0x080051d8   Section        0  tasks.o(i.vTaskSuspendAll)
    i.vTaskSwitchContext                     0x080051e8   Section        0  tasks.o(i.vTaskSwitchContext)
    i.xPortStartScheduler                    0x0800524c   Section        0  port.o(i.xPortStartScheduler)
    i.xQueueGenericCreateStatic              0x080052f4   Section        0  queue.o(i.xQueueGenericCreateStatic)
    i.xQueueGenericReset                     0x0800535c   Section        0  queue.o(i.xQueueGenericReset)
    i.xQueueGenericSend                      0x080053e4   Section        0  queue.o(i.xQueueGenericSend)
    i.xQueueGenericSendFromISR               0x08005544   Section        0  queue.o(i.xQueueGenericSendFromISR)
    i.xQueueReceive                          0x08005600   Section        0  queue.o(i.xQueueReceive)
    i.xTaskCheckForTimeOut                   0x08005738   Section        0  tasks.o(i.xTaskCheckForTimeOut)
    i.xTaskCreate                            0x080057ac   Section        0  tasks.o(i.xTaskCreate)
    i.xTaskCreateStatic                      0x08005806   Section        0  tasks.o(i.xTaskCreateStatic)
    i.xTaskGetSchedulerState                 0x0800585c   Section        0  tasks.o(i.xTaskGetSchedulerState)
    i.xTaskGetTickCount                      0x08005878   Section        0  tasks.o(i.xTaskGetTickCount)
    i.xTaskIncrementTick                     0x08005884   Section        0  tasks.o(i.xTaskIncrementTick)
    i.xTaskPriorityDisinherit                0x0800594c   Section        0  tasks.o(i.xTaskPriorityDisinherit)
    i.xTaskRemoveFromEventList               0x080059cc   Section        0  tasks.o(i.xTaskRemoveFromEventList)
    i.xTaskResumeAll                         0x08005a3c   Section        0  tasks.o(i.xTaskResumeAll)
    i.xTimerCreateTimerTask                  0x08005b00   Section        0  timers.o(i.xTimerCreateTimerTask)
    i.xTimerGenericCommand                   0x08005b60   Section        0  timers.o(i.xTimerGenericCommand)
    i.xpt2046_read                           0x08005bc8   Section        0  xpt2046.o(i.xpt2046_read)
    .constdata                               0x08005c30   Section       36  freertos.o(.constdata)
    .constdata                               0x08005c54   Section       18  stm32f1xx_hal_rcc.o(.constdata)
    aPredivFactorTable                       0x08005c54   Data           2  stm32f1xx_hal_rcc.o(.constdata)
    aPLLMULFactorTable                       0x08005c56   Data          16  stm32f1xx_hal_rcc.o(.constdata)
    .constdata                               0x08005c66   Section       16  system_stm32f1xx.o(.constdata)
    .constdata                               0x08005c76   Section        8  system_stm32f1xx.o(.constdata)
    .constdata                               0x08005c7e   Section     6080  lcd_function.o(.constdata)
    .conststring                             0x08007440   Section       12  freertos.o(.conststring)
    .data                                    0x20000000   Section        8  freertos.o(.data)
    .data                                    0x20000008   Section        8  fsmc.o(.data)
    FSMC_Initialized                         0x20000008   Data           4  fsmc.o(.data)
    FSMC_DeInitialized                       0x2000000c   Data           4  fsmc.o(.data)
    .data                                    0x20000010   Section       12  stm32f1xx_hal.o(.data)
    .data                                    0x2000001c   Section        4  system_stm32f1xx.o(.data)
    .data                                    0x20000020   Section       60  tasks.o(.data)
    pxDelayedTaskList                        0x20000024   Data           4  tasks.o(.data)
    pxOverflowDelayedTaskList                0x20000028   Data           4  tasks.o(.data)
    uxDeletedTasksWaitingCleanUp             0x2000002c   Data           4  tasks.o(.data)
    uxCurrentNumberOfTasks                   0x20000030   Data           4  tasks.o(.data)
    xTickCount                               0x20000034   Data           4  tasks.o(.data)
    uxTopReadyPriority                       0x20000038   Data           4  tasks.o(.data)
    xSchedulerRunning                        0x2000003c   Data           4  tasks.o(.data)
    uxPendedTicks                            0x20000040   Data           4  tasks.o(.data)
    xYieldPending                            0x20000044   Data           4  tasks.o(.data)
    xNumOfOverflows                          0x20000048   Data           4  tasks.o(.data)
    uxTaskNumber                             0x2000004c   Data           4  tasks.o(.data)
    xNextTaskUnblockTime                     0x20000050   Data           4  tasks.o(.data)
    xIdleTaskHandle                          0x20000054   Data           4  tasks.o(.data)
    uxSchedulerSuspended                     0x20000058   Data           4  tasks.o(.data)
    .data                                    0x2000005c   Section       20  timers.o(.data)
    pxCurrentTimerList                       0x2000005c   Data           4  timers.o(.data)
    pxOverflowTimerList                      0x20000060   Data           4  timers.o(.data)
    xTimerQueue                              0x20000064   Data           4  timers.o(.data)
    xTimerTaskHandle                         0x20000068   Data           4  timers.o(.data)
    xLastTime                                0x2000006c   Data           4  timers.o(.data)
    .data                                    0x20000070   Section        4  cmsis_os2.o(.data)
    KernelState                              0x20000070   Data           4  cmsis_os2.o(.data)
    .data                                    0x20000074   Section       24  heap_4.o(.data)
    pxEnd                                    0x20000074   Data           4  heap_4.o(.data)
    xFreeBytesRemaining                      0x20000078   Data           4  heap_4.o(.data)
    xMinimumEverFreeBytesRemaining           0x2000007c   Data           4  heap_4.o(.data)
    xBlockAllocatedBit                       0x20000080   Data           4  heap_4.o(.data)
    xStart                                   0x20000084   Data           8  heap_4.o(.data)
    .data                                    0x2000008c   Section       12  port.o(.data)
    ucMaxSysCallPriority                     0x2000008c   Data           1  port.o(.data)
    uxCriticalNesting                        0x20000090   Data           4  port.o(.data)
    ulMaxPRIGROUPValue                       0x20000094   Data           4  port.o(.data)
    .data                                    0x20000098   Section       24  lcd_function.o(.data)
    .data                                    0x200000b0   Section       12  xpt2046.o(.data)
    touch_state                              0x200000b0   Data           1  xpt2046.o(.data)
    last_x                                   0x200000b2   Data           2  xpt2046.o(.data)
    last_y                                   0x200000b4   Data           2  xpt2046.o(.data)
    i                                        0x200000b8   Data           4  xpt2046.o(.data)
    .data                                    0x200000bc   Section        4  stdout.o(.data)
    .bss                                     0x200000c0   Section       72  fsmc.o(.bss)
    .bss                                     0x20000108   Section       88  spi.o(.bss)
    .bss                                     0x20000160   Section      144  tim.o(.bss)
    .bss                                     0x200001f0   Section      212  usart.o(.bss)
    .bss                                     0x200002c4   Section       72  stm32f1xx_hal_timebase_tim.o(.bss)
    .bss                                     0x2000030c   Section       64  queue.o(.bss)
    .bss                                     0x2000034c   Section     1220  tasks.o(.bss)
    pxReadyTasksLists                        0x2000034c   Data        1120  tasks.o(.bss)
    xDelayedTaskList1                        0x200007ac   Data          20  tasks.o(.bss)
    xDelayedTaskList2                        0x200007c0   Data          20  tasks.o(.bss)
    xPendingReadyList                        0x200007d4   Data          20  tasks.o(.bss)
    xTasksWaitingTermination                 0x200007e8   Data          20  tasks.o(.bss)
    xSuspendedTaskList                       0x200007fc   Data          20  tasks.o(.bss)
    .bss                                     0x20000810   Section      280  timers.o(.bss)
    xActiveTimerList1                        0x20000810   Data          20  timers.o(.bss)
    xActiveTimerList2                        0x20000824   Data          20  timers.o(.bss)
    xStaticTimerQueue                        0x20000838   Data          80  timers.o(.bss)
    ucStaticTimerQueueStorage                0x20000888   Data         160  timers.o(.bss)
    .bss                                     0x20000928   Section     1720  cmsis_os2.o(.bss)
    Idle_TCB                                 0x20000928   Data          92  cmsis_os2.o(.bss)
    Idle_Stack                               0x20000984   Data         512  cmsis_os2.o(.bss)
    Timer_TCB                                0x20000b84   Data          92  cmsis_os2.o(.bss)
    Timer_Stack                              0x20000be0   Data        1024  cmsis_os2.o(.bss)
    .bss                                     0x20000fe0   Section    40960  heap_4.o(.bss)
    ucHeap                                   0x20000fe0   Data       40960  heap_4.o(.bss)
    .bss                                     0x2000afe0   Section       14  lcd_function.o(.bss)
    .bss                                     0x2000aff0   Section      192  xpt2046.o(.bss)
    STACK                                    0x2000b0b0   Section     1024  startup_stm32f103xe.o(STACK)

    Global Symbols

    Symbol Name                              Value     Ov Type        Size  Object(Section)

    BuildAttributes$$THM_ISAv4$P$D$K$B$S$PE$A:L22UL41UL21$X:L11$S22US41US21$IEEE1$IW$USESV6$~STKCKD$USESV7$~SHL$OTIME$ROPI$EBA8$MICROLIB$REQ8$PRES8$EABIv2 0x00000000   Number         0  anon$$obj.o ABSOLUTE
    __ARM_use_no_argv                        0x00000000   Number         0  main.o ABSOLUTE
    _printf_a                                0x00000000   Number         0  stubs.o ABSOLUTE
    _printf_c                                0x00000000   Number         0  stubs.o ABSOLUTE
    _printf_charcount                        0x00000000   Number         0  stubs.o ABSOLUTE
    _printf_d                                0x00000000   Number         0  stubs.o ABSOLUTE
    _printf_e                                0x00000000   Number         0  stubs.o ABSOLUTE
    _printf_f                                0x00000000   Number         0  stubs.o ABSOLUTE
    _printf_flags                            0x00000000   Number         0  stubs.o ABSOLUTE
    _printf_fp_dec                           0x00000000   Number         0  stubs.o ABSOLUTE
    _printf_fp_hex                           0x00000000   Number         0  stubs.o ABSOLUTE
    _printf_g                                0x00000000   Number         0  stubs.o ABSOLUTE
    _printf_i                                0x00000000   Number         0  stubs.o ABSOLUTE
    _printf_int_dec                          0x00000000   Number         0  stubs.o ABSOLUTE
    _printf_l                                0x00000000   Number         0  stubs.o ABSOLUTE
    _printf_lc                               0x00000000   Number         0  stubs.o ABSOLUTE
    _printf_ll                               0x00000000   Number         0  stubs.o ABSOLUTE
    _printf_lld                              0x00000000   Number         0  stubs.o ABSOLUTE
    _printf_lli                              0x00000000   Number         0  stubs.o ABSOLUTE
    _printf_llo                              0x00000000   Number         0  stubs.o ABSOLUTE
    _printf_llu                              0x00000000   Number         0  stubs.o ABSOLUTE
    _printf_llx                              0x00000000   Number         0  stubs.o ABSOLUTE
    _printf_longlong_dec                     0x00000000   Number         0  stubs.o ABSOLUTE
    _printf_longlong_hex                     0x00000000   Number         0  stubs.o ABSOLUTE
    _printf_longlong_oct                     0x00000000   Number         0  stubs.o ABSOLUTE
    _printf_ls                               0x00000000   Number         0  stubs.o ABSOLUTE
    _printf_mbtowc                           0x00000000   Number         0  stubs.o ABSOLUTE
    _printf_n                                0x00000000   Number         0  stubs.o ABSOLUTE
    _printf_o                                0x00000000   Number         0  stubs.o ABSOLUTE
    _printf_p                                0x00000000   Number         0  stubs.o ABSOLUTE
    _printf_percent                          0x00000000   Number         0  stubs.o ABSOLUTE
    _printf_pre_padding                      0x00000000   Number         0  stubs.o ABSOLUTE
    _printf_return_value                     0x00000000   Number         0  stubs.o ABSOLUTE
    _printf_s                                0x00000000   Number         0  stubs.o ABSOLUTE
    _printf_sizespec                         0x00000000   Number         0  stubs.o ABSOLUTE
    _printf_str                              0x00000000   Number         0  stubs.o ABSOLUTE
    _printf_truncate_signed                  0x00000000   Number         0  stubs.o ABSOLUTE
    _printf_truncate_unsigned                0x00000000   Number         0  stubs.o ABSOLUTE
    _printf_u                                0x00000000   Number         0  stubs.o ABSOLUTE
    _printf_wc                               0x00000000   Number         0  stubs.o ABSOLUTE
    _printf_wctomb                           0x00000000   Number         0  stubs.o ABSOLUTE
    _printf_widthprec                        0x00000000   Number         0  stubs.o ABSOLUTE
    _printf_x                                0x00000000   Number         0  stubs.o ABSOLUTE
    __arm_fini_                               - Undefined Weak Reference
    __cpp_initialize__aeabi_                  - Undefined Weak Reference
    __cxa_finalize                            - Undefined Weak Reference
    __decompress                              - Undefined Weak Reference
    _clock_init                               - Undefined Weak Reference
    _microlib_exit                            - Undefined Weak Reference
    __Vectors_Size                           0x00000130   Number         0  startup_stm32f103xe.o ABSOLUTE
    __Vectors                                0x08000000   Data           4  startup_stm32f103xe.o(RESET)
    __Vectors_End                            0x08000130   Data           0  startup_stm32f103xe.o(RESET)
    __main                                   0x08000131   Thumb Code     0  entry.o(.ARM.Collect$$$$00000000)
    _main_stk                                0x08000131   Thumb Code     0  entry2.o(.ARM.Collect$$$$00000001)
    _main_scatterload                        0x08000135   Thumb Code     0  entry5.o(.ARM.Collect$$$$00000004)
    __main_after_scatterload                 0x08000139   Thumb Code     0  entry5.o(.ARM.Collect$$$$00000004)
    _main_clock                              0x08000139   Thumb Code     0  entry7b.o(.ARM.Collect$$$$00000008)
    _main_cpp_init                           0x08000139   Thumb Code     0  entry8b.o(.ARM.Collect$$$$0000000A)
    _main_init                               0x08000139   Thumb Code     0  entry9a.o(.ARM.Collect$$$$0000000B)
    __rt_lib_shutdown_fini                   0x08000141   Thumb Code     0  entry12b.o(.ARM.Collect$$$$0000000E)
    __rt_final_cpp                           0x08000145   Thumb Code     0  entry10a.o(.ARM.Collect$$$$0000000F)
    __rt_final_exit                          0x08000145   Thumb Code     0  entry11a.o(.ARM.Collect$$$$00000011)
    SVC_Handler                              0x08000149   Thumb Code    32  port.o(.emb_text)
    __asm___6_port_c_39a90d8d__prvStartFirstTask 0x0800016d   Thumb Code    28  port.o(.emb_text)
    PendSV_Handler                           0x0800018d   Thumb Code    72  port.o(.emb_text)
    vPortGetIPSR                             0x080001d9   Thumb Code     6  port.o(.emb_text)
    Reset_Handler                            0x080001e1   Thumb Code     8  startup_stm32f103xe.o(.text)
    ADC1_2_IRQHandler                        0x080001fb   Thumb Code     0  startup_stm32f103xe.o(.text)
    ADC3_IRQHandler                          0x080001fb   Thumb Code     0  startup_stm32f103xe.o(.text)
    CAN1_RX1_IRQHandler                      0x080001fb   Thumb Code     0  startup_stm32f103xe.o(.text)
    CAN1_SCE_IRQHandler                      0x080001fb   Thumb Code     0  startup_stm32f103xe.o(.text)
    DMA1_Channel1_IRQHandler                 0x080001fb   Thumb Code     0  startup_stm32f103xe.o(.text)
    DMA1_Channel2_IRQHandler                 0x080001fb   Thumb Code     0  startup_stm32f103xe.o(.text)
    DMA1_Channel4_IRQHandler                 0x080001fb   Thumb Code     0  startup_stm32f103xe.o(.text)
    DMA1_Channel5_IRQHandler                 0x080001fb   Thumb Code     0  startup_stm32f103xe.o(.text)
    DMA1_Channel6_IRQHandler                 0x080001fb   Thumb Code     0  startup_stm32f103xe.o(.text)
    DMA1_Channel7_IRQHandler                 0x080001fb   Thumb Code     0  startup_stm32f103xe.o(.text)
    DMA2_Channel1_IRQHandler                 0x080001fb   Thumb Code     0  startup_stm32f103xe.o(.text)
    DMA2_Channel2_IRQHandler                 0x080001fb   Thumb Code     0  startup_stm32f103xe.o(.text)
    DMA2_Channel3_IRQHandler                 0x080001fb   Thumb Code     0  startup_stm32f103xe.o(.text)
    DMA2_Channel4_5_IRQHandler               0x080001fb   Thumb Code     0  startup_stm32f103xe.o(.text)
    EXTI0_IRQHandler                         0x080001fb   Thumb Code     0  startup_stm32f103xe.o(.text)
    EXTI15_10_IRQHandler                     0x080001fb   Thumb Code     0  startup_stm32f103xe.o(.text)
    EXTI1_IRQHandler                         0x080001fb   Thumb Code     0  startup_stm32f103xe.o(.text)
    EXTI2_IRQHandler                         0x080001fb   Thumb Code     0  startup_stm32f103xe.o(.text)
    EXTI3_IRQHandler                         0x080001fb   Thumb Code     0  startup_stm32f103xe.o(.text)
    EXTI4_IRQHandler                         0x080001fb   Thumb Code     0  startup_stm32f103xe.o(.text)
    EXTI9_5_IRQHandler                       0x080001fb   Thumb Code     0  startup_stm32f103xe.o(.text)
    FLASH_IRQHandler                         0x080001fb   Thumb Code     0  startup_stm32f103xe.o(.text)
    FSMC_IRQHandler                          0x080001fb   Thumb Code     0  startup_stm32f103xe.o(.text)
    I2C1_ER_IRQHandler                       0x080001fb   Thumb Code     0  startup_stm32f103xe.o(.text)
    I2C1_EV_IRQHandler                       0x080001fb   Thumb Code     0  startup_stm32f103xe.o(.text)
    I2C2_ER_IRQHandler                       0x080001fb   Thumb Code     0  startup_stm32f103xe.o(.text)
    I2C2_EV_IRQHandler                       0x080001fb   Thumb Code     0  startup_stm32f103xe.o(.text)
    PVD_IRQHandler                           0x080001fb   Thumb Code     0  startup_stm32f103xe.o(.text)
    RCC_IRQHandler                           0x080001fb   Thumb Code     0  startup_stm32f103xe.o(.text)
    RTC_Alarm_IRQHandler                     0x080001fb   Thumb Code     0  startup_stm32f103xe.o(.text)
    RTC_IRQHandler                           0x080001fb   Thumb Code     0  startup_stm32f103xe.o(.text)
    SDIO_IRQHandler                          0x080001fb   Thumb Code     0  startup_stm32f103xe.o(.text)
    SPI1_IRQHandler                          0x080001fb   Thumb Code     0  startup_stm32f103xe.o(.text)
    SPI2_IRQHandler                          0x080001fb   Thumb Code     0  startup_stm32f103xe.o(.text)
    SPI3_IRQHandler                          0x080001fb   Thumb Code     0  startup_stm32f103xe.o(.text)
    TAMPER_IRQHandler                        0x080001fb   Thumb Code     0  startup_stm32f103xe.o(.text)
    TIM1_BRK_IRQHandler                      0x080001fb   Thumb Code     0  startup_stm32f103xe.o(.text)
    TIM1_CC_IRQHandler                       0x080001fb   Thumb Code     0  startup_stm32f103xe.o(.text)
    TIM1_TRG_COM_IRQHandler                  0x080001fb   Thumb Code     0  startup_stm32f103xe.o(.text)
    TIM1_UP_IRQHandler                       0x080001fb   Thumb Code     0  startup_stm32f103xe.o(.text)
    TIM2_IRQHandler                          0x080001fb   Thumb Code     0  startup_stm32f103xe.o(.text)
    TIM4_IRQHandler                          0x080001fb   Thumb Code     0  startup_stm32f103xe.o(.text)
    TIM5_IRQHandler                          0x080001fb   Thumb Code     0  startup_stm32f103xe.o(.text)
    TIM6_IRQHandler                          0x080001fb   Thumb Code     0  startup_stm32f103xe.o(.text)
    TIM8_BRK_IRQHandler                      0x080001fb   Thumb Code     0  startup_stm32f103xe.o(.text)
    TIM8_CC_IRQHandler                       0x080001fb   Thumb Code     0  startup_stm32f103xe.o(.text)
    TIM8_TRG_COM_IRQHandler                  0x080001fb   Thumb Code     0  startup_stm32f103xe.o(.text)
    TIM8_UP_IRQHandler                       0x080001fb   Thumb Code     0  startup_stm32f103xe.o(.text)
    UART4_IRQHandler                         0x080001fb   Thumb Code     0  startup_stm32f103xe.o(.text)
    UART5_IRQHandler                         0x080001fb   Thumb Code     0  startup_stm32f103xe.o(.text)
    USART1_IRQHandler                        0x080001fb   Thumb Code     0  startup_stm32f103xe.o(.text)
    USART2_IRQHandler                        0x080001fb   Thumb Code     0  startup_stm32f103xe.o(.text)
    USBWakeUp_IRQHandler                     0x080001fb   Thumb Code     0  startup_stm32f103xe.o(.text)
    USB_HP_CAN1_TX_IRQHandler                0x080001fb   Thumb Code     0  startup_stm32f103xe.o(.text)
    USB_LP_CAN1_RX0_IRQHandler               0x080001fb   Thumb Code     0  startup_stm32f103xe.o(.text)
    WWDG_IRQHandler                          0x080001fb   Thumb Code     0  startup_stm32f103xe.o(.text)
    __aeabi_memcpy                           0x08000205   Thumb Code    36  memcpya.o(.text)
    __aeabi_memcpy4                          0x08000205   Thumb Code     0  memcpya.o(.text)
    __aeabi_memcpy8                          0x08000205   Thumb Code     0  memcpya.o(.text)
    __aeabi_memset                           0x08000229   Thumb Code    14  memseta.o(.text)
    __aeabi_memset4                          0x08000229   Thumb Code     0  memseta.o(.text)
    __aeabi_memset8                          0x08000229   Thumb Code     0  memseta.o(.text)
    __aeabi_memclr                           0x08000237   Thumb Code     4  memseta.o(.text)
    __aeabi_memclr4                          0x08000237   Thumb Code     0  memseta.o(.text)
    __aeabi_memclr8                          0x08000237   Thumb Code     0  memseta.o(.text)
    memset                                   0x0800023b   Thumb Code    18  memseta.o(.text)
    __aeabi_fadd                             0x0800024d   Thumb Code   164  fadd.o(.text)
    __aeabi_fsub                             0x080002f1   Thumb Code     6  fadd.o(.text)
    __aeabi_frsub                            0x080002f7   Thumb Code     6  fadd.o(.text)
    __aeabi_fmul                             0x080002fd   Thumb Code   100  fmul.o(.text)
    __aeabi_fdiv                             0x08000361   Thumb Code   124  fdiv.o(.text)
    __aeabi_i2f                              0x080003dd   Thumb Code    18  fflti.o(.text)
    __aeabi_f2iz                             0x080003ef   Thumb Code    50  ffixi.o(.text)
    __aeabi_f2uiz                            0x08000421   Thumb Code    40  ffixui.o(.text)
    __aeabi_uidiv                            0x08000449   Thumb Code     0  uidiv.o(.text)
    __aeabi_uidivmod                         0x08000449   Thumb Code    44  uidiv.o(.text)
    __I$use$fp                               0x08000475   Thumb Code     0  iusefp.o(.text)
    _float_round                             0x08000475   Thumb Code    18  fepilogue.o(.text)
    _float_epilogue                          0x08000487   Thumb Code    92  fepilogue.o(.text)
    __scatterload                            0x080004e5   Thumb Code    28  init.o(.text)
    __scatterload_rt2                        0x080004e5   Thumb Code     0  init.o(.text)
    BusFault_Handler                         0x08000509   Thumb Code     2  stm32f1xx_it.o(i.BusFault_Handler)
    DMA1_Channel3_IRQHandler                 0x0800050d   Thumb Code     6  stm32f1xx_it.o(i.DMA1_Channel3_IRQHandler)
    DebugMon_Handler                         0x08000519   Thumb Code     2  stm32f1xx_it.o(i.DebugMon_Handler)
    Error_Handler                            0x0800051d   Thumb Code    20  main.o(i.Error_Handler)
    FLASH_BufferRead                         0x08000541   Thumb Code   104  driver_w25qxx.o(i.FLASH_BufferRead)
    FLASH_BufferWrite                        0x080005b1   Thumb Code   188  driver_w25qxx.o(i.FLASH_BufferWrite)
    FLASH_PageWrite                          0x0800066d   Thumb Code   116  driver_w25qxx.o(i.FLASH_PageWrite)
    FLASH_SectorErase                        0x080006e9   Thumb Code    90  driver_w25qxx.o(i.FLASH_SectorErase)
    FSMC_NORSRAM_Extended_Timing_Init        0x08000791   Thumb Code    56  stm32f1xx_ll_fsmc.o(i.FSMC_NORSRAM_Extended_Timing_Init)
    FSMC_NORSRAM_Init                        0x080007cd   Thumb Code    98  stm32f1xx_ll_fsmc.o(i.FSMC_NORSRAM_Init)
    FSMC_NORSRAM_Timing_Init                 0x08000835   Thumb Code    64  stm32f1xx_ll_fsmc.o(i.FSMC_NORSRAM_Timing_Init)
    HAL_DMA_Abort                            0x080008b1   Thumb Code    70  stm32f1xx_hal_dma.o(i.HAL_DMA_Abort)
    HAL_DMA_Abort_IT                         0x080008f9   Thumb Code   296  stm32f1xx_hal_dma.o(i.HAL_DMA_Abort_IT)
    HAL_DMA_IRQHandler                       0x08000a29   Thumb Code   552  stm32f1xx_hal_dma.o(i.HAL_DMA_IRQHandler)
    HAL_DMA_Init                             0x08000c71   Thumb Code   112  stm32f1xx_hal_dma.o(i.HAL_DMA_Init)
    HAL_Delay                                0x08000ced   Thumb Code    32  stm32f1xx_hal.o(i.HAL_Delay)
    HAL_GPIO_DeInit                          0x08000db1   Thumb Code   284  stm32f1xx_hal_gpio.o(i.HAL_GPIO_DeInit)
    HAL_GPIO_Init                            0x08000eed   Thumb Code   462  stm32f1xx_hal_gpio.o(i.HAL_GPIO_Init)
    HAL_GPIO_ReadPin                         0x080010e5   Thumb Code    10  stm32f1xx_hal_gpio.o(i.HAL_GPIO_ReadPin)
    HAL_GPIO_WritePin                        0x080010ef   Thumb Code    10  stm32f1xx_hal_gpio.o(i.HAL_GPIO_WritePin)
    HAL_GetTick                              0x080010f9   Thumb Code     6  stm32f1xx_hal.o(i.HAL_GetTick)
    HAL_IncTick                              0x08001105   Thumb Code    12  stm32f1xx_hal.o(i.HAL_IncTick)
    HAL_Init                                 0x08001115   Thumb Code    32  stm32f1xx_hal.o(i.HAL_Init)
    HAL_InitTick                             0x08001139   Thumb Code   132  stm32f1xx_hal_timebase_tim.o(i.HAL_InitTick)
    HAL_MspInit                              0x080011d1   Thumb Code    62  stm32f1xx_hal_msp.o(i.HAL_MspInit)
    HAL_NVIC_EnableIRQ                       0x08001219   Thumb Code    26  stm32f1xx_hal_cortex.o(i.HAL_NVIC_EnableIRQ)
    HAL_NVIC_SetPriority                     0x08001235   Thumb Code    60  stm32f1xx_hal_cortex.o(i.HAL_NVIC_SetPriority)
    HAL_NVIC_SetPriorityGrouping             0x08001275   Thumb Code    26  stm32f1xx_hal_cortex.o(i.HAL_NVIC_SetPriorityGrouping)
    HAL_RCC_ClockConfig                      0x08001299   Thumb Code   280  stm32f1xx_hal_rcc.o(i.HAL_RCC_ClockConfig)
    HAL_RCC_GetClockConfig                   0x080013c5   Thumb Code    54  stm32f1xx_hal_rcc.o(i.HAL_RCC_GetClockConfig)
    HAL_RCC_GetPCLK1Freq                     0x08001405   Thumb Code    20  stm32f1xx_hal_rcc.o(i.HAL_RCC_GetPCLK1Freq)
    HAL_RCC_GetPCLK2Freq                     0x08001425   Thumb Code    20  stm32f1xx_hal_rcc.o(i.HAL_RCC_GetPCLK2Freq)
    HAL_RCC_GetSysClockFreq                  0x08001445   Thumb Code    58  stm32f1xx_hal_rcc.o(i.HAL_RCC_GetSysClockFreq)
    HAL_RCC_OscConfig                        0x08001491   Thumb Code   778  stm32f1xx_hal_rcc.o(i.HAL_RCC_OscConfig)
    HAL_SPI_Init                             0x080017b1   Thumb Code   178  stm32f1xx_hal_spi.o(i.HAL_SPI_Init)
    HAL_SPI_MspInit                          0x08001865   Thumb Code   128  spi.o(i.HAL_SPI_MspInit)
    HAL_SPI_TransmitReceive                  0x080018f1   Thumb Code   494  stm32f1xx_hal_spi.o(i.HAL_SPI_TransmitReceive)
    HAL_SRAM_Init                            0x08001adf   Thumb Code   100  stm32f1xx_hal_sram.o(i.HAL_SRAM_Init)
    HAL_SRAM_MspInit                         0x08001b43   Thumb Code     4  fsmc.o(i.HAL_SRAM_MspInit)
    HAL_TIMEx_BreakCallback                  0x08001b47   Thumb Code     2  stm32f1xx_hal_tim_ex.o(i.HAL_TIMEx_BreakCallback)
    HAL_TIMEx_CommutCallback                 0x08001b49   Thumb Code     2  stm32f1xx_hal_tim_ex.o(i.HAL_TIMEx_CommutCallback)
    HAL_TIMEx_MasterConfigSynchronization    0x08001b4d   Thumb Code   104  stm32f1xx_hal_tim_ex.o(i.HAL_TIMEx_MasterConfigSynchronization)
    HAL_TIM_Base_Init                        0x08001bc9   Thumb Code    90  stm32f1xx_hal_tim.o(i.HAL_TIM_Base_Init)
    HAL_TIM_Base_MspInit                     0x08001c25   Thumb Code    72  tim.o(i.HAL_TIM_Base_MspInit)
    HAL_TIM_Base_Start                       0x08001c75   Thumb Code    78  stm32f1xx_hal_tim.o(i.HAL_TIM_Base_Start)
    HAL_TIM_Base_Start_IT                    0x08001cd9   Thumb Code    88  stm32f1xx_hal_tim.o(i.HAL_TIM_Base_Start_IT)
    HAL_TIM_Base_Stop                        0x08001d45   Thumb Code    38  stm32f1xx_hal_tim.o(i.HAL_TIM_Base_Stop)
    HAL_TIM_ConfigClockSource                0x08001d6b   Thumb Code   220  stm32f1xx_hal_tim.o(i.HAL_TIM_ConfigClockSource)
    HAL_TIM_IC_CaptureCallback               0x08001e47   Thumb Code     2  stm32f1xx_hal_tim.o(i.HAL_TIM_IC_CaptureCallback)
    HAL_TIM_IRQHandler                       0x08001e49   Thumb Code   358  stm32f1xx_hal_tim.o(i.HAL_TIM_IRQHandler)
    HAL_TIM_MspPostInit                      0x08001fb1   Thumb Code    80  tim.o(i.HAL_TIM_MspPostInit)
    HAL_TIM_OC_DelayElapsedCallback          0x08002011   Thumb Code     2  stm32f1xx_hal_tim.o(i.HAL_TIM_OC_DelayElapsedCallback)
    HAL_TIM_PWM_ConfigChannel                0x08002013   Thumb Code   204  stm32f1xx_hal_tim.o(i.HAL_TIM_PWM_ConfigChannel)
    HAL_TIM_PWM_Init                         0x080020df   Thumb Code    90  stm32f1xx_hal_tim.o(i.HAL_TIM_PWM_Init)
    HAL_TIM_PWM_MspInit                      0x08002139   Thumb Code     2  stm32f1xx_hal_tim.o(i.HAL_TIM_PWM_MspInit)
    HAL_TIM_PWM_PulseFinishedCallback        0x0800213d   Thumb Code    20  tim.o(i.HAL_TIM_PWM_PulseFinishedCallback)
    HAL_TIM_PWM_Start_IT                     0x0800215d   Thumb Code   204  stm32f1xx_hal_tim.o(i.HAL_TIM_PWM_Start_IT)
    HAL_TIM_PWM_Stop_IT                      0x0800223d   Thumb Code   178  stm32f1xx_hal_tim.o(i.HAL_TIM_PWM_Stop_IT)
    HAL_TIM_PeriodElapsedCallback            0x080022f9   Thumb Code    14  main.o(i.HAL_TIM_PeriodElapsedCallback)
    HAL_TIM_TriggerCallback                  0x0800230d   Thumb Code     2  stm32f1xx_hal_tim.o(i.HAL_TIM_TriggerCallback)
    HAL_UARTEx_RxEventCallback               0x0800230f   Thumb Code     2  stm32f1xx_hal_uart.o(i.HAL_UARTEx_RxEventCallback)
    HAL_UART_ErrorCallback                   0x08002311   Thumb Code     2  stm32f1xx_hal_uart.o(i.HAL_UART_ErrorCallback)
    HAL_UART_IRQHandler                      0x08002315   Thumb Code   616  stm32f1xx_hal_uart.o(i.HAL_UART_IRQHandler)
    HAL_UART_Init                            0x08002581   Thumb Code   100  stm32f1xx_hal_uart.o(i.HAL_UART_Init)
    HAL_UART_MspInit                         0x080025e5   Thumb Code   226  usart.o(i.HAL_UART_MspInit)
    HAL_UART_RxCpltCallback                  0x080026e5   Thumb Code     2  stm32f1xx_hal_uart.o(i.HAL_UART_RxCpltCallback)
    HAL_UART_Transmit                        0x080026e7   Thumb Code   154  stm32f1xx_hal_uart.o(i.HAL_UART_Transmit)
    HAL_UART_TxCpltCallback                  0x08002781   Thumb Code     2  stm32f1xx_hal_uart.o(i.HAL_UART_TxCpltCallback)
    HardFault_Handler                        0x08002783   Thumb Code     2  stm32f1xx_it.o(i.HardFault_Handler)
    ILI9488_BackLightSwitch                  0x08002785   Thumb Code    36  ili9488.o(i.ILI9488_BackLightSwitch)
    ILI9488_Init                             0x080027ad   Thumb Code    24  ili9488.o(i.ILI9488_Init)
    LCD_BackLed_Ctrl                         0x080029d5   Thumb Code    14  lcd_function.o(i.LCD_BackLed_Ctrl)
    LCD_Brightness                           0x080029e5   Thumb Code    12  lcd_function.o(i.LCD_Brightness)
    LCD_Clear                                0x080029f5   Thumb Code    46  lcd_function.o(i.LCD_Clear)
    LCD_DrawCross                            0x08002a31   Thumb Code    44  lcd_function.o(i.LCD_DrawCross)
    LCD_DrawLine                             0x08002a5d   Thumb Code   154  lcd_function.o(i.LCD_DrawLine)
    LCD_DrawPoint                            0x08002af9   Thumb Code    24  lcd_function.o(i.LCD_DrawPoint)
    LCD_Fast_DrawPoint                       0x08002b1d   Thumb Code    64  lcd_function.o(i.LCD_Fast_DrawPoint)
    LCD_Fill                                 0x08002b65   Thumb Code    80  lcd_function.o(i.LCD_Fill)
    LCD_GRAM_Scan                            0x08002bc1   Thumb Code   102  lcd_function.o(i.LCD_GRAM_Scan)
    LCD_GetDevID                             0x08002c2d   Thumb Code    32  lcd_function.o(i.LCD_GetDevID)
    LCD_Init                                 0x08002c55   Thumb Code    44  lcd_function.o(i.LCD_Init)
    LCD_Rest                                 0x08002c85   Thumb Code    48  lcd_function.o(i.LCD_Rest)
    LCD_Scan_Dir                             0x08002cb9   Thumb Code    68  lcd_function.o(i.LCD_Scan_Dir)
    LCD_SetAllColor                          0x08002d05   Thumb Code     8  lcd_function.o(i.LCD_SetAllColor)
    LCD_SetCursor                            0x08002d11   Thumb Code    58  lcd_function.o(i.LCD_SetCursor)
    LCD_SetTextColor                         0x08002d55   Thumb Code     6  lcd_function.o(i.LCD_SetTextColor)
    LCD_ShowChar                             0x08002d61   Thumb Code   190  lcd_function.o(i.LCD_ShowChar)
    LCD_ShowString                           0x08002e35   Thumb Code    84  lcd_function.o(i.LCD_ShowString)
    LCD_ShowString_Line                      0x08002e89   Thumb Code   126  lcd_function.o(i.LCD_ShowString_Line)
    LCD_Write_Cmd                            0x08002f2d   Thumb Code     6  lcd_function.o(i.LCD_Write_Cmd)
    LCD_Write_Data                           0x08002f39   Thumb Code     8  lcd_function.o(i.LCD_Write_Data)
    MX_DMA_Init                              0x08002f41   Thumb Code    40  dma.o(i.MX_DMA_Init)
    MX_FREERTOS_Init                         0x08002f6d   Thumb Code    30  freertos.o(i.MX_FREERTOS_Init)
    MX_FSMC_Init                             0x08002f9d   Thumb Code   134  fsmc.o(i.MX_FSMC_Init)
    MX_GPIO_Init                             0x08003031   Thumb Code   118  gpio.o(i.MX_GPIO_Init)
    MX_SPI1_Init                             0x080030ad   Thumb Code    68  spi.o(i.MX_SPI1_Init)
    MX_TIM2_Init                             0x080030fd   Thumb Code    92  tim.o(i.MX_TIM2_Init)
    MX_TIM3_Init                             0x0800315d   Thumb Code   146  tim.o(i.MX_TIM3_Init)
    MX_USART1_UART_Init                      0x080031f9   Thumb Code    48  usart.o(i.MX_USART1_UART_Init)
    MX_USART3_UART_Init                      0x08003231   Thumb Code    48  usart.o(i.MX_USART3_UART_Init)
    MemManage_Handler                        0x08003269   Thumb Code     2  stm32f1xx_it.o(i.MemManage_Handler)
    NMI_Handler                              0x0800326b   Thumb Code     2  stm32f1xx_it.o(i.NMI_Handler)
    SPI_WriteReadByte                        0x08003345   Thumb Code    32  spi.o(i.SPI_WriteReadByte)
    StartDefaultTask                         0x08003365   Thumb Code    18  freertos.o(i.StartDefaultTask)
    SysTick_Handler                          0x08003389   Thumb Code    38  port.o(i.SysTick_Handler)
    SystemClock_Config                       0x080033b5   Thumb Code    88  main.o(i.SystemClock_Config)
    SystemInit                               0x0800340d   Thumb Code     2  system_stm32f1xx.o(i.SystemInit)
    TIM3_IRQHandler                          0x08003411   Thumb Code     6  stm32f1xx_it.o(i.TIM3_IRQHandler)
    TIM7_IRQHandler                          0x0800341d   Thumb Code     6  stm32f1xx_it.o(i.TIM7_IRQHandler)
    TIM_Base_SetConfig                       0x08003429   Thumb Code   120  stm32f1xx_hal_tim.o(i.TIM_Base_SetConfig)
    TIM_CCxChannelCmd                        0x080034b5   Thumb Code    26  stm32f1xx_hal_tim.o(i.TIM_CCxChannelCmd)
    TIM_ETR_SetConfig                        0x080034cf   Thumb Code    20  stm32f1xx_hal_tim.o(i.TIM_ETR_SetConfig)
    TIM_OC2_SetConfig                        0x08003555   Thumb Code    98  stm32f1xx_hal_tim.o(i.TIM_OC2_SetConfig)
    TouchTask                                0x080036c1   Thumb Code    92  freertos.o(i.TouchTask)
    USART3_IRQHandler                        0x080039a1   Thumb Code     6  stm32f1xx_it.o(i.USART3_IRQHandler)
    UsageFault_Handler                       0x080039ad   Thumb Code     2  stm32f1xx_it.o(i.UsageFault_Handler)
    XPT2046_Get_TouchedPoint                 0x08003b45   Thumb Code   142  xpt2046.o(i.XPT2046_Get_TouchedPoint)
    XPT2046_Init                             0x08003bd9   Thumb Code   246  xpt2046.o(i.XPT2046_Init)
    XPT2046_TouchDetect                      0x08003e6d   Thumb Code    96  xpt2046.o(i.XPT2046_TouchDetect)
    XPT2046_Touch_Calibrate                  0x08003ed5   Thumb Code   574  xpt2046.o(i.XPT2046_Touch_Calibrate)
    __0printf$3                              0x080041e5   Thumb Code    22  printf3.o(i.__0printf$3)
    __1printf$3                              0x080041e5   Thumb Code     0  printf3.o(i.__0printf$3)
    __2printf                                0x080041e5   Thumb Code     0  printf3.o(i.__0printf$3)
    __0sprintf$3                             0x08004205   Thumb Code    34  printf3.o(i.__0sprintf$3)
    __1sprintf$3                             0x08004205   Thumb Code     0  printf3.o(i.__0sprintf$3)
    __2sprintf                               0x08004205   Thumb Code     0  printf3.o(i.__0sprintf$3)
    __scatterload_copy                       0x0800424d   Thumb Code    14  handlers.o(i.__scatterload_copy)
    __scatterload_null                       0x0800425b   Thumb Code     2  handlers.o(i.__scatterload_null)
    __scatterload_zeroinit                   0x0800425d   Thumb Code    14  handlers.o(i.__scatterload_zeroinit)
    fputc                                    0x08004431   Thumb Code    18  usart.o(i.fputc)
    main                                     0x08004449   Thumb Code    70  main.o(i.main)
    osKernelInitialize                       0x08004491   Thumb Code    50  cmsis_os2.o(i.osKernelInitialize)
    osKernelStart                            0x080044c9   Thumb Code    58  cmsis_os2.o(i.osKernelStart)
    osThreadNew                              0x08004509   Thumb Code   160  cmsis_os2.o(i.osThreadNew)
    pvPortMalloc                             0x08004cf1   Thumb Code   210  heap_4.o(i.pvPortMalloc)
    pxPortInitialiseStack                    0x08004dc9   Thumb Code    32  port.o(i.pxPortInitialiseStack)
    us_timer_delay                           0x08004ded   Thumb Code    46  driver_timer.o(i.us_timer_delay)
    uxListRemove                             0x08004e21   Thumb Code    38  list.o(i.uxListRemove)
    vApplicationGetIdleTaskMemory            0x08004e49   Thumb Code    16  cmsis_os2.o(i.vApplicationGetIdleTaskMemory)
    vApplicationGetTimerTaskMemory           0x08004e5d   Thumb Code    18  cmsis_os2.o(i.vApplicationGetTimerTaskMemory)
    vListInitialise                          0x08004e75   Thumb Code    22  list.o(i.vListInitialise)
    vListInitialiseItem                      0x08004e8b   Thumb Code     6  list.o(i.vListInitialiseItem)
    vListInsert                              0x08004e91   Thumb Code    48  list.o(i.vListInsert)
    vListInsertEnd                           0x08004ec1   Thumb Code    24  list.o(i.vListInsertEnd)
    vPortEnterCritical                       0x08004ed9   Thumb Code    54  port.o(i.vPortEnterCritical)
    vPortExitCritical                        0x08004f19   Thumb Code    34  port.o(i.vPortExitCritical)
    vPortFree                                0x08004f41   Thumb Code    88  heap_4.o(i.vPortFree)
    vPortSetupTimerInterrupt                 0x08004f9d   Thumb Code    32  port.o(i.vPortSetupTimerInterrupt)
    vPortValidateInterruptPriority           0x08004fc1   Thumb Code    74  port.o(i.vPortValidateInterruptPriority)
    vQueueAddToRegistry                      0x08005015   Thumb Code    34  queue.o(i.vQueueAddToRegistry)
    vQueueWaitForMessageRestricted           0x0800503d   Thumb Code    68  queue.o(i.vQueueWaitForMessageRestricted)
    vTaskDelay                               0x08005081   Thumb Code    66  tasks.o(i.vTaskDelay)
    vTaskInternalSetTimeOutState             0x080050cd   Thumb Code    12  tasks.o(i.vTaskInternalSetTimeOutState)
    vTaskMissedYield                         0x080050dd   Thumb Code     8  tasks.o(i.vTaskMissedYield)
    vTaskPlaceOnEventList                    0x080050e9   Thumb Code    44  tasks.o(i.vTaskPlaceOnEventList)
    vTaskPlaceOnEventListRestricted          0x08005119   Thumb Code    52  tasks.o(i.vTaskPlaceOnEventListRestricted)
    vTaskStartScheduler                      0x08005151   Thumb Code   118  tasks.o(i.vTaskStartScheduler)
    vTaskSuspendAll                          0x080051d9   Thumb Code    10  tasks.o(i.vTaskSuspendAll)
    vTaskSwitchContext                       0x080051e9   Thumb Code    90  tasks.o(i.vTaskSwitchContext)
    xPortStartScheduler                      0x0800524d   Thumb Code   154  port.o(i.xPortStartScheduler)
    xQueueGenericCreateStatic                0x080052f5   Thumb Code   102  queue.o(i.xQueueGenericCreateStatic)
    xQueueGenericReset                       0x0800535d   Thumb Code   132  queue.o(i.xQueueGenericReset)
    xQueueGenericSend                        0x080053e5   Thumb Code   346  queue.o(i.xQueueGenericSend)
    xQueueGenericSendFromISR                 0x08005545   Thumb Code   188  queue.o(i.xQueueGenericSendFromISR)
    xQueueReceive                            0x08005601   Thumb Code   308  queue.o(i.xQueueReceive)
    xTaskCheckForTimeOut                     0x08005739   Thumb Code   112  tasks.o(i.xTaskCheckForTimeOut)
    xTaskCreate                              0x080057ad   Thumb Code    90  tasks.o(i.xTaskCreate)
    xTaskCreateStatic                        0x08005807   Thumb Code    86  tasks.o(i.xTaskCreateStatic)
    xTaskGetSchedulerState                   0x0800585d   Thumb Code    22  tasks.o(i.xTaskGetSchedulerState)
    xTaskGetTickCount                        0x08005879   Thumb Code     6  tasks.o(i.xTaskGetTickCount)
    xTaskIncrementTick                       0x08005885   Thumb Code   190  tasks.o(i.xTaskIncrementTick)
    xTaskPriorityDisinherit                  0x0800594d   Thumb Code   118  tasks.o(i.xTaskPriorityDisinherit)
    xTaskRemoveFromEventList                 0x080059cd   Thumb Code    98  tasks.o(i.xTaskRemoveFromEventList)
    xTaskResumeAll                           0x08005a3d   Thumb Code   182  tasks.o(i.xTaskResumeAll)
    xTimerCreateTimerTask                    0x08005b01   Thumb Code    78  timers.o(i.xTimerCreateTimerTask)
    xTimerGenericCommand                     0x08005b61   Thumb Code    98  timers.o(i.xTimerGenericCommand)
    xpt2046_read                             0x08005bc9   Thumb Code    90  xpt2046.o(i.xpt2046_read)
    defaultTask_attributes                   0x08005c30   Data          36  freertos.o(.constdata)
    AHBPrescTable                            0x08005c66   Data          16  system_stm32f1xx.o(.constdata)
    APBPrescTable                            0x08005c76   Data           8  system_stm32f1xx.o(.constdata)
    asc2_1206                                0x08005c7e   Data        1140  lcd_function.o(.constdata)
    asc2_1608                                0x080060f2   Data        1520  lcd_function.o(.constdata)
    asc2_2412                                0x080066e2   Data        3420  lcd_function.o(.constdata)
    Region$$Table$$Base                      0x0800744c   Number         0  anon$$obj.o(Region$$Table)
    Region$$Table$$Limit                     0x0800746c   Number         0  anon$$obj.o(Region$$Table)
    TouchTaskTaskHandle                      0x20000000   Data           4  freertos.o(.data)
    defaultTaskHandle                        0x20000004   Data           4  freertos.o(.data)
    uwTickFreq                               0x20000010   Data           1  stm32f1xx_hal.o(.data)
    uwTickPrio                               0x20000014   Data           4  stm32f1xx_hal.o(.data)
    uwTick                                   0x20000018   Data           4  stm32f1xx_hal.o(.data)
    SystemCoreClock                          0x2000001c   Data           4  system_stm32f1xx.o(.data)
    pxCurrentTCB                             0x20000020   Data           4  tasks.o(.data)
    lcd_brt                                  0x20000098   Data           1  lcd_function.o(.data)
    lcd_color                                0x2000009a   Data           4  lcd_function.o(.data)
    font12                                   0x2000009e   Data           6  lcd_function.o(.data)
    font16                                   0x200000a4   Data           6  lcd_function.o(.data)
    font24                                   0x200000aa   Data           6  lcd_function.o(.data)
    __stdout                                 0x200000bc   Data           4  stdout.o(.data)
    hsram4                                   0x200000c0   Data          72  fsmc.o(.bss)
    hspi1                                    0x20000108   Data          88  spi.o(.bss)
    htim2                                    0x20000160   Data          72  tim.o(.bss)
    htim3                                    0x200001a8   Data          72  tim.o(.bss)
    huart1                                   0x200001f0   Data          72  usart.o(.bss)
    huart3                                   0x20000238   Data          72  usart.o(.bss)
    hdma_usart3_rx                           0x20000280   Data          68  usart.o(.bss)
    htim7                                    0x200002c4   Data          72  stm32f1xx_hal_timebase_tim.o(.bss)
    xQueueRegistry                           0x2000030c   Data          64  queue.o(.bss)
    lcddev                                   0x2000afe0   Data          14  lcd_function.o(.bss)
    touch_para                               0x2000aff0   Data         192  xpt2046.o(.bss)
    __initial_sp                             0x2000b4b0   Data           0  startup_stm32f103xe.o(STACK)



==============================================================================

Memory Map of the image

  Image Entry point : 0x08000131

  Load Region LR_IROM1 (Base: 0x08000000, Size: 0x0000752c, Max: 0x00080000, ABSOLUTE)

    Execution Region ER_IROM1 (Exec base: 0x08000000, Load base: 0x08000000, Size: 0x0000746c, Max: 0x00080000, ABSOLUTE)

    Exec Addr    Load Addr    Size         Type   Attr      Idx    E Section Name        Object

    0x08000000   0x08000000   0x00000130   Data   RO            3    RESET               startup_stm32f103xe.o
    0x08000130   0x08000130   0x00000000   Code   RO         5758  * .ARM.Collect$$$$00000000  mc_w.l(entry.o)
    0x08000130   0x08000130   0x00000004   Code   RO         6044    .ARM.Collect$$$$00000001  mc_w.l(entry2.o)
    0x08000134   0x08000134   0x00000004   Code   RO         6047    .ARM.Collect$$$$00000004  mc_w.l(entry5.o)
    0x08000138   0x08000138   0x00000000   Code   RO         6049    .ARM.Collect$$$$00000008  mc_w.l(entry7b.o)
    0x08000138   0x08000138   0x00000000   Code   RO         6051    .ARM.Collect$$$$0000000A  mc_w.l(entry8b.o)
    0x08000138   0x08000138   0x00000008   Code   RO         6052    .ARM.Collect$$$$0000000B  mc_w.l(entry9a.o)
    0x08000140   0x08000140   0x00000004   Code   RO         6059    .ARM.Collect$$$$0000000E  mc_w.l(entry12b.o)
    0x08000144   0x08000144   0x00000000   Code   RO         6054    .ARM.Collect$$$$0000000F  mc_w.l(entry10a.o)
    0x08000144   0x08000144   0x00000000   Code   RO         6056    .ARM.Collect$$$$00000011  mc_w.l(entry11a.o)
    0x08000144   0x08000144   0x00000004   Code   RO         6045    .ARM.Collect$$$$00002712  mc_w.l(entry2.o)
    0x08000148   0x08000148   0x00000096   Code   RO         5211    .emb_text           port.o
    0x080001de   0x080001de   0x00000002   PAD
    0x080001e0   0x080001e0   0x00000024   Code   RO            4    .text               startup_stm32f103xe.o
    0x08000204   0x08000204   0x00000024   Code   RO         5763    .text               mc_w.l(memcpya.o)
    0x08000228   0x08000228   0x00000024   Code   RO         5767    .text               mc_w.l(memseta.o)
    0x0800024c   0x0800024c   0x000000b0   Code   RO         6032    .text               mf_w.l(fadd.o)
    0x080002fc   0x080002fc   0x00000064   Code   RO         6034    .text               mf_w.l(fmul.o)
    0x08000360   0x08000360   0x0000007c   Code   RO         6036    .text               mf_w.l(fdiv.o)
    0x080003dc   0x080003dc   0x00000012   Code   RO         6038    .text               mf_w.l(fflti.o)
    0x080003ee   0x080003ee   0x00000032   Code   RO         6040    .text               mf_w.l(ffixi.o)
    0x08000420   0x08000420   0x00000028   Code   RO         6042    .text               mf_w.l(ffixui.o)
    0x08000448   0x08000448   0x0000002c   Code   RO         6061    .text               mc_w.l(uidiv.o)
    0x08000474   0x08000474   0x00000000   Code   RO         6065    .text               mc_w.l(iusefp.o)
    0x08000474   0x08000474   0x0000006e   Code   RO         6066    .text               mf_w.l(fepilogue.o)
    0x080004e2   0x080004e2   0x00000002   PAD
    0x080004e4   0x080004e4   0x00000024   Code   RO         6078    .text               mc_w.l(init.o)
    0x08000508   0x08000508   0x00000002   Code   RO          557    i.BusFault_Handler  stm32f1xx_it.o
    0x0800050a   0x0800050a   0x00000002   PAD
    0x0800050c   0x0800050c   0x0000000c   Code   RO          558    i.DMA1_Channel3_IRQHandler  stm32f1xx_it.o
    0x08000518   0x08000518   0x00000002   Code   RO          559    i.DebugMon_Handler  stm32f1xx_it.o
    0x0800051a   0x0800051a   0x00000002   PAD
    0x0800051c   0x0800051c   0x00000024   Code   RO           13    i.Error_Handler     main.o
    0x08000540   0x08000540   0x00000070   Code   RO         5668    i.FLASH_BufferRead  driver_w25qxx.o
    0x080005b0   0x080005b0   0x000000bc   Code   RO         5669    i.FLASH_BufferWrite  driver_w25qxx.o
    0x0800066c   0x0800066c   0x0000007c   Code   RO         5670    i.FLASH_PageWrite   driver_w25qxx.o
    0x080006e8   0x080006e8   0x00000064   Code   RO         5672    i.FLASH_SectorErase  driver_w25qxx.o
    0x0800074c   0x0800074c   0x00000044   Code   RO         5674    i.FLASH_WaitForWriteEnd  driver_w25qxx.o
    0x08000790   0x08000790   0x0000003c   Code   RO         1723    i.FSMC_NORSRAM_Extended_Timing_Init  stm32f1xx_ll_fsmc.o
    0x080007cc   0x080007cc   0x00000068   Code   RO         1724    i.FSMC_NORSRAM_Init  stm32f1xx_ll_fsmc.o
    0x08000834   0x08000834   0x00000044   Code   RO         1725    i.FSMC_NORSRAM_Timing_Init  stm32f1xx_ll_fsmc.o
    0x08000878   0x08000878   0x00000038   Code   RO         5678    i.Flash_WritenEN    driver_w25qxx.o
    0x080008b0   0x080008b0   0x00000046   Code   RO         1119    i.HAL_DMA_Abort     stm32f1xx_hal_dma.o
    0x080008f6   0x080008f6   0x00000002   PAD
    0x080008f8   0x080008f8   0x00000130   Code   RO         1120    i.HAL_DMA_Abort_IT  stm32f1xx_hal_dma.o
    0x08000a28   0x08000a28   0x00000248   Code   RO         1124    i.HAL_DMA_IRQHandler  stm32f1xx_hal_dma.o
    0x08000c70   0x08000c70   0x0000007c   Code   RO         1125    i.HAL_DMA_Init      stm32f1xx_hal_dma.o
    0x08000cec   0x08000cec   0x00000024   Code   RO          745    i.HAL_Delay         stm32f1xx_hal.o
    0x08000d10   0x08000d10   0x000000a0   Code   RO          325    i.HAL_FSMC_MspInit  fsmc.o
    0x08000db0   0x08000db0   0x0000013c   Code   RO         1052    i.HAL_GPIO_DeInit   stm32f1xx_hal_gpio.o
    0x08000eec   0x08000eec   0x000001f8   Code   RO         1055    i.HAL_GPIO_Init     stm32f1xx_hal_gpio.o
    0x080010e4   0x080010e4   0x0000000a   Code   RO         1057    i.HAL_GPIO_ReadPin  stm32f1xx_hal_gpio.o
    0x080010ee   0x080010ee   0x0000000a   Code   RO         1059    i.HAL_GPIO_WritePin  stm32f1xx_hal_gpio.o
    0x080010f8   0x080010f8   0x0000000c   Code   RO          749    i.HAL_GetTick       stm32f1xx_hal.o
    0x08001104   0x08001104   0x00000010   Code   RO          755    i.HAL_IncTick       stm32f1xx_hal.o
    0x08001114   0x08001114   0x00000024   Code   RO          756    i.HAL_Init          stm32f1xx_hal.o
    0x08001138   0x08001138   0x00000098   Code   RO          663    i.HAL_InitTick      stm32f1xx_hal_timebase_tim.o
    0x080011d0   0x080011d0   0x00000048   Code   RO          639    i.HAL_MspInit       stm32f1xx_hal_msp.o
    0x08001218   0x08001218   0x0000001a   Code   RO         1215    i.HAL_NVIC_EnableIRQ  stm32f1xx_hal_cortex.o
    0x08001232   0x08001232   0x00000002   PAD
    0x08001234   0x08001234   0x00000040   Code   RO         1221    i.HAL_NVIC_SetPriority  stm32f1xx_hal_cortex.o
    0x08001274   0x08001274   0x00000024   Code   RO         1222    i.HAL_NVIC_SetPriorityGrouping  stm32f1xx_hal_cortex.o
    0x08001298   0x08001298   0x0000012c   Code   RO          913    i.HAL_RCC_ClockConfig  stm32f1xx_hal_rcc.o
    0x080013c4   0x080013c4   0x00000040   Code   RO          917    i.HAL_RCC_GetClockConfig  stm32f1xx_hal_rcc.o
    0x08001404   0x08001404   0x00000020   Code   RO          920    i.HAL_RCC_GetPCLK1Freq  stm32f1xx_hal_rcc.o
    0x08001424   0x08001424   0x00000020   Code   RO          921    i.HAL_RCC_GetPCLK2Freq  stm32f1xx_hal_rcc.o
    0x08001444   0x08001444   0x0000004c   Code   RO          922    i.HAL_RCC_GetSysClockFreq  stm32f1xx_hal_rcc.o
    0x08001490   0x08001490   0x00000320   Code   RO          925    i.HAL_RCC_OscConfig  stm32f1xx_hal_rcc.o
    0x080017b0   0x080017b0   0x000000b2   Code   RO         1987    i.HAL_SPI_Init      stm32f1xx_hal_spi.o
    0x08001862   0x08001862   0x00000002   PAD
    0x08001864   0x08001864   0x0000008c   Code   RO          374    i.HAL_SPI_MspInit   spi.o
    0x080018f0   0x080018f0   0x000001ee   Code   RO         1996    i.HAL_SPI_TransmitReceive  stm32f1xx_hal_spi.o
    0x08001ade   0x08001ade   0x00000064   Code   RO         1845    i.HAL_SRAM_Init     stm32f1xx_hal_sram.o
    0x08001b42   0x08001b42   0x00000004   Code   RO          327    i.HAL_SRAM_MspInit  fsmc.o
    0x08001b46   0x08001b46   0x00000002   Code   RO         3004    i.HAL_TIMEx_BreakCallback  stm32f1xx_hal_tim_ex.o
    0x08001b48   0x08001b48   0x00000002   Code   RO         3005    i.HAL_TIMEx_CommutCallback  stm32f1xx_hal_tim_ex.o
    0x08001b4a   0x08001b4a   0x00000002   PAD
    0x08001b4c   0x08001b4c   0x0000007c   Code   RO         3023    i.HAL_TIMEx_MasterConfigSynchronization  stm32f1xx_hal_tim_ex.o
    0x08001bc8   0x08001bc8   0x0000005a   Code   RO         2300    i.HAL_TIM_Base_Init  stm32f1xx_hal_tim.o
    0x08001c22   0x08001c22   0x00000002   PAD
    0x08001c24   0x08001c24   0x00000050   Code   RO          434    i.HAL_TIM_Base_MspInit  tim.o
    0x08001c74   0x08001c74   0x00000064   Code   RO         2303    i.HAL_TIM_Base_Start  stm32f1xx_hal_tim.o
    0x08001cd8   0x08001cd8   0x0000006c   Code   RO         2305    i.HAL_TIM_Base_Start_IT  stm32f1xx_hal_tim.o
    0x08001d44   0x08001d44   0x00000026   Code   RO         2306    i.HAL_TIM_Base_Stop  stm32f1xx_hal_tim.o
    0x08001d6a   0x08001d6a   0x000000dc   Code   RO         2309    i.HAL_TIM_ConfigClockSource  stm32f1xx_hal_tim.o
    0x08001e46   0x08001e46   0x00000002   Code   RO         2334    i.HAL_TIM_IC_CaptureCallback  stm32f1xx_hal_tim.o
    0x08001e48   0x08001e48   0x00000166   Code   RO         2348    i.HAL_TIM_IRQHandler  stm32f1xx_hal_tim.o
    0x08001fae   0x08001fae   0x00000002   PAD
    0x08001fb0   0x08001fb0   0x00000060   Code   RO          435    i.HAL_TIM_MspPostInit  tim.o
    0x08002010   0x08002010   0x00000002   Code   RO         2351    i.HAL_TIM_OC_DelayElapsedCallback  stm32f1xx_hal_tim.o
    0x08002012   0x08002012   0x000000cc   Code   RO         2372    i.HAL_TIM_PWM_ConfigChannel  stm32f1xx_hal_tim.o
    0x080020de   0x080020de   0x0000005a   Code   RO         2375    i.HAL_TIM_PWM_Init  stm32f1xx_hal_tim.o
    0x08002138   0x08002138   0x00000002   Code   RO         2377    i.HAL_TIM_PWM_MspInit  stm32f1xx_hal_tim.o
    0x0800213a   0x0800213a   0x00000002   PAD
    0x0800213c   0x0800213c   0x00000020   Code   RO          436    i.HAL_TIM_PWM_PulseFinishedCallback  tim.o
    0x0800215c   0x0800215c   0x000000e0   Code   RO         2382    i.HAL_TIM_PWM_Start_IT  stm32f1xx_hal_tim.o
    0x0800223c   0x0800223c   0x000000bc   Code   RO         2385    i.HAL_TIM_PWM_Stop_IT  stm32f1xx_hal_tim.o
    0x080022f8   0x080022f8   0x00000014   Code   RO           14    i.HAL_TIM_PeriodElapsedCallback  main.o
    0x0800230c   0x0800230c   0x00000002   Code   RO         2391    i.HAL_TIM_TriggerCallback  stm32f1xx_hal_tim.o
    0x0800230e   0x0800230e   0x00000002   Code   RO         3283    i.HAL_UARTEx_RxEventCallback  stm32f1xx_hal_uart.o
    0x08002310   0x08002310   0x00000002   Code   RO         3297    i.HAL_UART_ErrorCallback  stm32f1xx_hal_uart.o
    0x08002312   0x08002312   0x00000002   PAD
    0x08002314   0x08002314   0x0000026c   Code   RO         3300    i.HAL_UART_IRQHandler  stm32f1xx_hal_uart.o
    0x08002580   0x08002580   0x00000064   Code   RO         3301    i.HAL_UART_Init     stm32f1xx_hal_uart.o
    0x080025e4   0x080025e4   0x00000100   Code   RO          495    i.HAL_UART_MspInit  usart.o
    0x080026e4   0x080026e4   0x00000002   Code   RO         3307    i.HAL_UART_RxCpltCallback  stm32f1xx_hal_uart.o
    0x080026e6   0x080026e6   0x0000009a   Code   RO         3309    i.HAL_UART_Transmit  stm32f1xx_hal_uart.o
    0x08002780   0x08002780   0x00000002   Code   RO         3312    i.HAL_UART_TxCpltCallback  stm32f1xx_hal_uart.o
    0x08002782   0x08002782   0x00000002   Code   RO          560    i.HardFault_Handler  stm32f1xx_it.o
    0x08002784   0x08002784   0x00000028   Code   RO         5291    i.ILI9488_BackLightSwitch  ili9488.o
    0x080027ac   0x080027ac   0x00000018   Code   RO         5292    i.ILI9488_Init      ili9488.o
    0x080027c4   0x080027c4   0x00000210   Code   RO         5293    i.ILI9488_RegConfig  ili9488.o
    0x080029d4   0x080029d4   0x0000000e   Code   RO         5344    i.LCD_BackLed_Ctrl  lcd_function.o
    0x080029e2   0x080029e2   0x00000002   PAD
    0x080029e4   0x080029e4   0x00000010   Code   RO         5345    i.LCD_Brightness    lcd_function.o
    0x080029f4   0x080029f4   0x0000003c   Code   RO         5346    i.LCD_Clear         lcd_function.o
    0x08002a30   0x08002a30   0x0000002c   Code   RO         5348    i.LCD_DrawCross     lcd_function.o
    0x08002a5c   0x08002a5c   0x0000009a   Code   RO         5349    i.LCD_DrawLine      lcd_function.o
    0x08002af6   0x08002af6   0x00000002   PAD
    0x08002af8   0x08002af8   0x00000024   Code   RO         5350    i.LCD_DrawPoint     lcd_function.o
    0x08002b1c   0x08002b1c   0x00000048   Code   RO         5351    i.LCD_Fast_DrawPoint  lcd_function.o
    0x08002b64   0x08002b64   0x0000005c   Code   RO         5352    i.LCD_Fill          lcd_function.o
    0x08002bc0   0x08002bc0   0x0000006c   Code   RO         5353    i.LCD_GRAM_Scan     lcd_function.o
    0x08002c2c   0x08002c2c   0x00000028   Code   RO         5356    i.LCD_GetDevID      lcd_function.o
    0x08002c54   0x08002c54   0x00000030   Code   RO         5358    i.LCD_Init          lcd_function.o
    0x08002c84   0x08002c84   0x00000034   Code   RO         5361    i.LCD_Rest          lcd_function.o
    0x08002cb8   0x08002cb8   0x0000004c   Code   RO         5362    i.LCD_Scan_Dir      lcd_function.o
    0x08002d04   0x08002d04   0x0000000c   Code   RO         5363    i.LCD_SetAllColor   lcd_function.o
    0x08002d10   0x08002d10   0x00000044   Code   RO         5365    i.LCD_SetCursor     lcd_function.o
    0x08002d54   0x08002d54   0x0000000c   Code   RO         5366    i.LCD_SetTextColor  lcd_function.o
    0x08002d60   0x08002d60   0x000000d4   Code   RO         5367    i.LCD_ShowChar      lcd_function.o
    0x08002e34   0x08002e34   0x00000054   Code   RO         5370    i.LCD_ShowString    lcd_function.o
    0x08002e88   0x08002e88   0x000000a4   Code   RO         5371    i.LCD_ShowString_Line  lcd_function.o
    0x08002f2c   0x08002f2c   0x0000000c   Code   RO         5373    i.LCD_Write_Cmd     lcd_function.o
    0x08002f38   0x08002f38   0x00000008   Code   RO         5374    i.LCD_Write_Data    lcd_function.o
    0x08002f40   0x08002f40   0x0000002c   Code   RO          301    i.MX_DMA_Init       dma.o
    0x08002f6c   0x08002f6c   0x00000030   Code   RO          246    i.MX_FREERTOS_Init  freertos.o
    0x08002f9c   0x08002f9c   0x00000094   Code   RO          328    i.MX_FSMC_Init      fsmc.o
    0x08003030   0x08003030   0x0000007c   Code   RO          222    i.MX_GPIO_Init      gpio.o
    0x080030ac   0x080030ac   0x00000050   Code   RO          375    i.MX_SPI1_Init      spi.o
    0x080030fc   0x080030fc   0x00000060   Code   RO          437    i.MX_TIM2_Init      tim.o
    0x0800315c   0x0800315c   0x0000009c   Code   RO          438    i.MX_TIM3_Init      tim.o
    0x080031f8   0x080031f8   0x00000038   Code   RO          496    i.MX_USART1_UART_Init  usart.o
    0x08003230   0x08003230   0x00000038   Code   RO          497    i.MX_USART3_UART_Init  usart.o
    0x08003268   0x08003268   0x00000002   Code   RO          561    i.MemManage_Handler  stm32f1xx_it.o
    0x0800326a   0x0800326a   0x00000002   Code   RO          562    i.NMI_Handler       stm32f1xx_it.o
    0x0800326c   0x0800326c   0x00000020   Code   RO         2025    i.SPI_EndRxTxTransaction  stm32f1xx_hal_spi.o
    0x0800328c   0x0800328c   0x000000b8   Code   RO         2030    i.SPI_WaitFlagStateUntilTimeout  stm32f1xx_hal_spi.o
    0x08003344   0x08003344   0x00000020   Code   RO          378    i.SPI_WriteReadByte  spi.o
    0x08003364   0x08003364   0x00000024   Code   RO          247    i.StartDefaultTask  freertos.o
    0x08003388   0x08003388   0x0000002c   Code   RO         5212    i.SysTick_Handler   port.o
    0x080033b4   0x080033b4   0x00000058   Code   RO           15    i.SystemClock_Config  main.o
    0x0800340c   0x0800340c   0x00000002   Code   RO         3635    i.SystemInit        system_stm32f1xx.o
    0x0800340e   0x0800340e   0x00000002   PAD
    0x08003410   0x08003410   0x0000000c   Code   RO          563    i.TIM3_IRQHandler   stm32f1xx_it.o
    0x0800341c   0x0800341c   0x0000000c   Code   RO          564    i.TIM7_IRQHandler   stm32f1xx_it.o
    0x08003428   0x08003428   0x0000008c   Code   RO         2393    i.TIM_Base_SetConfig  stm32f1xx_hal_tim.o
    0x080034b4   0x080034b4   0x0000001a   Code   RO         2394    i.TIM_CCxChannelCmd  stm32f1xx_hal_tim.o
    0x080034ce   0x080034ce   0x00000014   Code   RO         2404    i.TIM_ETR_SetConfig  stm32f1xx_hal_tim.o
    0x080034e2   0x080034e2   0x00000010   Code   RO         2405    i.TIM_ITRx_SetConfig  stm32f1xx_hal_tim.o
    0x080034f2   0x080034f2   0x00000002   PAD
    0x080034f4   0x080034f4   0x00000060   Code   RO         2406    i.TIM_OC1_SetConfig  stm32f1xx_hal_tim.o
    0x08003554   0x08003554   0x0000006c   Code   RO         2407    i.TIM_OC2_SetConfig  stm32f1xx_hal_tim.o
    0x080035c0   0x080035c0   0x00000068   Code   RO         2408    i.TIM_OC3_SetConfig  stm32f1xx_hal_tim.o
    0x08003628   0x08003628   0x00000050   Code   RO         2409    i.TIM_OC4_SetConfig  stm32f1xx_hal_tim.o
    0x08003678   0x08003678   0x00000022   Code   RO         2411    i.TIM_TI1_ConfigInputStage  stm32f1xx_hal_tim.o
    0x0800369a   0x0800369a   0x00000024   Code   RO         2413    i.TIM_TI2_ConfigInputStage  stm32f1xx_hal_tim.o
    0x080036be   0x080036be   0x00000002   PAD
    0x080036c0   0x080036c0   0x00000090   Code   RO          248    i.TouchTask         freertos.o
    0x08003750   0x08003750   0x00000010   Code   RO         3314    i.UART_DMAAbortOnError  stm32f1xx_hal_uart.o
    0x08003760   0x08003760   0x0000004e   Code   RO         3324    i.UART_EndRxTransfer  stm32f1xx_hal_uart.o
    0x080037ae   0x080037ae   0x000000c2   Code   RO         3326    i.UART_Receive_IT   stm32f1xx_hal_uart.o
    0x08003870   0x08003870   0x000000b8   Code   RO         3327    i.UART_SetConfig    stm32f1xx_hal_uart.o
    0x08003928   0x08003928   0x00000078   Code   RO         3330    i.UART_WaitOnFlagUntilTimeout  stm32f1xx_hal_uart.o
    0x080039a0   0x080039a0   0x0000000c   Code   RO          565    i.USART3_IRQHandler  stm32f1xx_it.o
    0x080039ac   0x080039ac   0x00000002   Code   RO          566    i.UsageFault_Handler  stm32f1xx_it.o
    0x080039ae   0x080039ae   0x00000194   Code   RO         5555    i.XPT2046_Calculate_CalibrationFactor  xpt2046.o
    0x08003b42   0x08003b42   0x00000002   PAD
    0x08003b44   0x08003b44   0x00000094   Code   RO         5556    i.XPT2046_Get_TouchedPoint  xpt2046.o
    0x08003bd8   0x08003bd8   0x0000010c   Code   RO         5557    i.XPT2046_Init      xpt2046.o
    0x08003ce4   0x08003ce4   0x00000060   Code   RO         5558    i.XPT2046_ReadAdc   xpt2046.o
    0x08003d44   0x08003d44   0x00000128   Code   RO         5559    i.XPT2046_ReadAdc_Smooth_XY_qucik  xpt2046.o
    0x08003e6c   0x08003e6c   0x00000068   Code   RO         5560    i.XPT2046_TouchDetect  xpt2046.o
    0x08003ed4   0x08003ed4   0x00000298   Code   RO         5561    i.XPT2046_Touch_Calibrate  xpt2046.o
    0x0800416c   0x0800416c   0x00000078   Code   RO         5562    i.XPT2046_WriteCMD  xpt2046.o
    0x080041e4   0x080041e4   0x00000020   Code   RO         5860    i.__0printf$3       mc_w.l(printf3.o)
    0x08004204   0x08004204   0x00000028   Code   RO         5862    i.__0sprintf$3      mc_w.l(printf3.o)
    0x0800422c   0x0800422c   0x00000020   Code   RO         1228    i.__NVIC_SetPriority  stm32f1xx_hal_cortex.o
    0x0800424c   0x0800424c   0x0000000e   Code   RO         6088    i.__scatterload_copy  mc_w.l(handlers.o)
    0x0800425a   0x0800425a   0x00000002   Code   RO         6089    i.__scatterload_null  mc_w.l(handlers.o)
    0x0800425c   0x0800425c   0x0000000e   Code   RO         6090    i.__scatterload_zeroinit  mc_w.l(handlers.o)
    0x0800426a   0x0800426a   0x00000002   PAD
    0x0800426c   0x0800426c   0x000001b8   Code   RO         5867    i._printf_core      mc_w.l(printf3.o)
    0x08004424   0x08004424   0x0000000a   Code   RO         5869    i._sputc            mc_w.l(printf3.o)
    0x0800442e   0x0800442e   0x00000002   PAD
    0x08004430   0x08004430   0x00000018   Code   RO          499    i.fputc             usart.o
    0x08004448   0x08004448   0x00000046   Code   RO           16    i.main              main.o
    0x0800448e   0x0800448e   0x00000002   PAD
    0x08004490   0x08004490   0x00000038   Code   RO         4755    i.osKernelInitialize  cmsis_os2.o
    0x080044c8   0x080044c8   0x00000040   Code   RO         4758    i.osKernelStart     cmsis_os2.o
    0x08004508   0x08004508   0x000000a4   Code   RO         4792    i.osThreadNew       cmsis_os2.o
    0x080045ac   0x080045ac   0x0000005c   Code   RO         4237    i.prvAddCurrentTaskToDelayedList  tasks.o
    0x08004608   0x08004608   0x000000d0   Code   RO         4238    i.prvAddNewTaskToReadyList  tasks.o
    0x080046d8   0x080046d8   0x00000058   Code   RO         4587    i.prvCheckForValidListAndQueue  timers.o
    0x08004730   0x08004730   0x00000026   Code   RO         3840    i.prvCopyDataFromQueue  queue.o
    0x08004756   0x08004756   0x0000006c   Code   RO         3841    i.prvCopyDataToQueue  queue.o
    0x080047c2   0x080047c2   0x00000034   Code   RO         4239    i.prvDeleteTCB      tasks.o
    0x080047f6   0x080047f6   0x00000002   PAD
    0x080047f8   0x080047f8   0x0000004c   Code   RO         5162    i.prvHeapInit       heap_4.o
    0x08004844   0x08004844   0x00000060   Code   RO         4240    i.prvIdleTask       tasks.o
    0x080048a4   0x080048a4   0x00000022   Code   RO         3843    i.prvInitialiseNewQueue  queue.o
    0x080048c6   0x080048c6   0x0000009c   Code   RO         4241    i.prvInitialiseNewTask  tasks.o
    0x08004962   0x08004962   0x00000002   PAD
    0x08004964   0x08004964   0x0000004c   Code   RO         5163    i.prvInsertBlockIntoFreeList  heap_4.o
    0x080049b0   0x080049b0   0x00000038   Code   RO         4589    i.prvInsertTimerInActiveList  timers.o
    0x080049e8   0x080049e8   0x0000001c   Code   RO         3844    i.prvIsQueueEmpty   queue.o
    0x08004a04   0x08004a04   0x000000cc   Code   RO         4590    i.prvProcessReceivedCommands  timers.o
    0x08004ad0   0x08004ad0   0x000000b4   Code   RO         4591    i.prvProcessTimerOrBlockTask  timers.o
    0x08004b84   0x08004b84   0x00000020   Code   RO         4243    i.prvResetNextTaskUnblockTime  tasks.o
    0x08004ba4   0x08004ba4   0x00000028   Code   RO         4592    i.prvSampleTimeNow  timers.o
    0x08004bcc   0x08004bcc   0x0000006c   Code   RO         4593    i.prvSwitchTimerLists  timers.o
    0x08004c38   0x08004c38   0x00000028   Code   RO         5213    i.prvTaskExitError  port.o
    0x08004c60   0x08004c60   0x00000024   Code   RO         4594    i.prvTimerTask      timers.o
    0x08004c84   0x08004c84   0x0000006a   Code   RO         3845    i.prvUnlockQueue    queue.o
    0x08004cee   0x08004cee   0x00000002   PAD
    0x08004cf0   0x08004cf0   0x000000d8   Code   RO         5164    i.pvPortMalloc      heap_4.o
    0x08004dc8   0x08004dc8   0x00000024   Code   RO         5214    i.pxPortInitialiseStack  port.o
    0x08004dec   0x08004dec   0x00000034   Code   RO         5637    i.us_timer_delay    driver_timer.o
    0x08004e20   0x08004e20   0x00000026   Code   RO         3800    i.uxListRemove      list.o
    0x08004e46   0x08004e46   0x00000002   PAD
    0x08004e48   0x08004e48   0x00000014   Code   RO         4804    i.vApplicationGetIdleTaskMemory  cmsis_os2.o
    0x08004e5c   0x08004e5c   0x00000018   Code   RO         4805    i.vApplicationGetTimerTaskMemory  cmsis_os2.o
    0x08004e74   0x08004e74   0x00000016   Code   RO         3801    i.vListInitialise   list.o
    0x08004e8a   0x08004e8a   0x00000006   Code   RO         3802    i.vListInitialiseItem  list.o
    0x08004e90   0x08004e90   0x00000030   Code   RO         3803    i.vListInsert       list.o
    0x08004ec0   0x08004ec0   0x00000018   Code   RO         3804    i.vListInsertEnd    list.o
    0x08004ed8   0x08004ed8   0x00000040   Code   RO         5216    i.vPortEnterCritical  port.o
    0x08004f18   0x08004f18   0x00000028   Code   RO         5217    i.vPortExitCritical  port.o
    0x08004f40   0x08004f40   0x0000005c   Code   RO         5165    i.vPortFree         heap_4.o
    0x08004f9c   0x08004f9c   0x00000024   Code   RO         5218    i.vPortSetupTimerInterrupt  port.o
    0x08004fc0   0x08004fc0   0x00000054   Code   RO         5219    i.vPortValidateInterruptPriority  port.o
    0x08005014   0x08005014   0x00000028   Code   RO         3851    i.vQueueAddToRegistry  queue.o
    0x0800503c   0x0800503c   0x00000044   Code   RO         3855    i.vQueueWaitForMessageRestricted  queue.o
    0x08005080   0x08005080   0x0000004c   Code   RO         4255    i.vTaskDelay        tasks.o
    0x080050cc   0x080050cc   0x00000010   Code   RO         4260    i.vTaskInternalSetTimeOutState  tasks.o
    0x080050dc   0x080050dc   0x0000000c   Code   RO         4261    i.vTaskMissedYield  tasks.o
    0x080050e8   0x080050e8   0x00000030   Code   RO         4263    i.vTaskPlaceOnEventList  tasks.o
    0x08005118   0x08005118   0x00000038   Code   RO         4264    i.vTaskPlaceOnEventListRestricted  tasks.o
    0x08005150   0x08005150   0x00000088   Code   RO         4272    i.vTaskStartScheduler  tasks.o
    0x080051d8   0x080051d8   0x00000010   Code   RO         4274    i.vTaskSuspendAll   tasks.o
    0x080051e8   0x080051e8   0x00000064   Code   RO         4275    i.vTaskSwitchContext  tasks.o
    0x0800524c   0x0800524c   0x000000a8   Code   RO         5220    i.xPortStartScheduler  port.o
    0x080052f4   0x080052f4   0x00000066   Code   RO         3861    i.xQueueGenericCreateStatic  queue.o
    0x0800535a   0x0800535a   0x00000002   PAD
    0x0800535c   0x0800535c   0x00000088   Code   RO         3862    i.xQueueGenericReset  queue.o
    0x080053e4   0x080053e4   0x00000160   Code   RO         3863    i.xQueueGenericSend  queue.o
    0x08005544   0x08005544   0x000000bc   Code   RO         3864    i.xQueueGenericSendFromISR  queue.o
    0x08005600   0x08005600   0x00000138   Code   RO         3873    i.xQueueReceive     queue.o
    0x08005738   0x08005738   0x00000074   Code   RO         4276    i.xTaskCheckForTimeOut  tasks.o
    0x080057ac   0x080057ac   0x0000005a   Code   RO         4277    i.xTaskCreate       tasks.o
    0x08005806   0x08005806   0x00000056   Code   RO         4278    i.xTaskCreateStatic  tasks.o
    0x0800585c   0x0800585c   0x0000001c   Code   RO         4282    i.xTaskGetSchedulerState  tasks.o
    0x08005878   0x08005878   0x0000000c   Code   RO         4283    i.xTaskGetTickCount  tasks.o
    0x08005884   0x08005884   0x000000c8   Code   RO         4285    i.xTaskIncrementTick  tasks.o
    0x0800594c   0x0800594c   0x00000080   Code   RO         4288    i.xTaskPriorityDisinherit  tasks.o
    0x080059cc   0x080059cc   0x00000070   Code   RO         4290    i.xTaskRemoveFromEventList  tasks.o
    0x08005a3c   0x08005a3c   0x000000c4   Code   RO         4291    i.xTaskResumeAll    tasks.o
    0x08005b00   0x08005b00   0x00000060   Code   RO         4601    i.xTimerCreateTimerTask  timers.o
    0x08005b60   0x08005b60   0x00000068   Code   RO         4602    i.xTimerGenericCommand  timers.o
    0x08005bc8   0x08005bc8   0x00000068   Code   RO         5563    i.xpt2046_read      xpt2046.o
    0x08005c30   0x08005c30   0x00000024   Data   RO          249    .constdata          freertos.o
    0x08005c54   0x08005c54   0x00000012   Data   RO          926    .constdata          stm32f1xx_hal_rcc.o
    0x08005c66   0x08005c66   0x00000010   Data   RO         3636    .constdata          system_stm32f1xx.o
    0x08005c76   0x08005c76   0x00000008   Data   RO         3637    .constdata          system_stm32f1xx.o
    0x08005c7e   0x08005c7e   0x000017c0   Data   RO         5377    .constdata          lcd_function.o
    0x0800743e   0x0800743e   0x00000002   PAD
    0x08007440   0x08007440   0x0000000c   Data   RO          250    .conststring        freertos.o
    0x0800744c   0x0800744c   0x00000020   Data   RO         6086    Region$$Table       anon$$obj.o


    Execution Region RW_IRAM1 (Exec base: 0x20000000, Load base: 0x0800746c, Size: 0x0000b4b0, Max: 0x00010000, ABSOLUTE)

    Exec Addr    Load Addr    Size         Type   Attr      Idx    E Section Name        Object

    0x20000000   0x0800746c   0x00000008   Data   RW          251    .data               freertos.o
    0x20000008   0x08007474   0x00000008   Data   RW          330    .data               fsmc.o
    0x20000010   0x0800747c   0x0000000c   Data   RW          763    .data               stm32f1xx_hal.o
    0x2000001c   0x08007488   0x00000004   Data   RW         3638    .data               system_stm32f1xx.o
    0x20000020   0x0800748c   0x0000003c   Data   RW         4294    .data               tasks.o
    0x2000005c   0x080074c8   0x00000014   Data   RW         4610    .data               timers.o
    0x20000070   0x080074dc   0x00000004   Data   RW         4807    .data               cmsis_os2.o
    0x20000074   0x080074e0   0x00000018   Data   RW         5170    .data               heap_4.o
    0x2000008c   0x080074f8   0x0000000c   Data   RW         5221    .data               port.o
    0x20000098   0x08007504   0x00000018   Data   RW         5378    .data               lcd_function.o
    0x200000b0   0x0800751c   0x0000000c   Data   RW         5565    .data               xpt2046.o
    0x200000bc   0x08007528   0x00000004   Data   RW         6060    .data               mc_w.l(stdout.o)
    0x200000c0        -       0x00000048   Zero   RW          329    .bss                fsmc.o
    0x20000108        -       0x00000058   Zero   RW          379    .bss                spi.o
    0x20000160        -       0x00000090   Zero   RW          439    .bss                tim.o
    0x200001f0        -       0x000000d4   Zero   RW          500    .bss                usart.o
    0x200002c4        -       0x00000048   Zero   RW          666    .bss                stm32f1xx_hal_timebase_tim.o
    0x2000030c        -       0x00000040   Zero   RW         3877    .bss                queue.o
    0x2000034c        -       0x000004c4   Zero   RW         4293    .bss                tasks.o
    0x20000810        -       0x00000118   Zero   RW         4609    .bss                timers.o
    0x20000928        -       0x000006b8   Zero   RW         4806    .bss                cmsis_os2.o
    0x20000fe0        -       0x0000a000   Zero   RW         5169    .bss                heap_4.o
    0x2000afe0        -       0x0000000e   Zero   RW         5376    .bss                lcd_function.o
    0x2000afee   0x0800752c   0x00000002   PAD
    0x2000aff0        -       0x000000c0   Zero   RW         5564    .bss                xpt2046.o
    0x2000b0b0        -       0x00000400   Zero   RW            1    STACK               startup_stm32f103xe.o


==============================================================================

Image component sizes


      Code (inc. data)   RO Data    RW Data    ZI Data      Debug   Object Name

       328         26          0          4       1720      13372   cmsis_os2.o
        44          4          0          0          0        722   dma.o
        52          6          0          0          0        569   driver_timer.o
       648         42          0          0          0       4293   driver_w25qxx.o
         0          0          0          0          0      20084   event_groups.o
       228         88         48          8          0       4981   freertos.o
       312         38          0          8         72       2143   fsmc.o
       124          6          0          0          0        927   gpio.o
       460         24          0         24      40960       4567   heap_4.o
       592          4          0          0          0       1789   ili9488.o
      1384        166       6080         24         14      16558   lcd_function.o
       138          0          0          0          0       3294   list.o
       214         22          0          0          0     517653   main.o
       662         70          0         12          0      10605   port.o
      1512         20          0          0         64      16636   queue.o
       252         24          0          0         88       2181   spi.o
        36          8        304          0       1024        784   startup_stm32f103xe.o
       100         18          0         12          0       5730   stm32f1xx_hal.o
       158         14          0          0          0      28098   stm32f1xx_hal_cortex.o
      1082         52          0          0          0       3435   stm32f1xx_hal_dma.o
       840         74          0          0          0       4429   stm32f1xx_hal_gpio.o
        72         10          0          0          0        834   stm32f1xx_hal_msp.o
      1304         94         18          0          0       5625   stm32f1xx_hal_rcc.o
       888          4          0          0          0       4661   stm32f1xx_hal_spi.o
       100          0          0          0          0       1180   stm32f1xx_hal_sram.o
      2288        128          0          0          0      17428   stm32f1xx_hal_tim.o
       128         20          0          0          0       2337   stm32f1xx_hal_tim_ex.o
       152         20          0          0         72       1427   stm32f1xx_hal_timebase_tim.o
      1474         10          0          0          0       9792   stm32f1xx_hal_uart.o
        60         24          0          0          0       4164   stm32f1xx_it.o
       232         14          0          0          0       3791   stm32f1xx_ll_fsmc.o
         0          0          0          0          0       8876   stream_buffer.o
         2          0         24          4          0       1067   system_stm32f1xx.o
      2064        170          0         60       1220      22796   tasks.o
       460         50          0          0        144       3475   tim.o
       912         82          0         20        280      25731   timers.o
       392         52          0          0        212       2914   usart.o
      2204        158          0         12        192      10274   xpt2046.o

    ----------------------------------------------------------------------
     21944       1542       6508        188      46064     789222   Object Totals
         0          0         32          0          0          0   (incl. Generated)
        46          0          2          0          2          0   (incl. Padding)

    ----------------------------------------------------------------------

      Code (inc. data)   RO Data    RW Data    ZI Data      Debug   Library Member Name

         0          0          0          0          0          0   entry.o
         0          0          0          0          0          0   entry10a.o
         0          0          0          0          0          0   entry11a.o
         4          0          0          0          0          0   entry12b.o
         8          4          0          0          0          0   entry2.o
         4          0          0          0          0          0   entry5.o
         0          0          0          0          0          0   entry7b.o
         0          0          0          0          0          0   entry8b.o
         8          4          0          0          0          0   entry9a.o
        30          0          0          0          0          0   handlers.o
        36          8          0          0          0         68   init.o
         0          0          0          0          0          0   iusefp.o
        36          0          0          0          0         68   memcpya.o
        36          0          0          0          0        108   memseta.o
       522         20          0          0          0        336   printf3.o
         0          0          0          4          0          0   stdout.o
        44          0          0          0          0         80   uidiv.o
       176          0          0          0          0        140   fadd.o
       124          0          0          0          0         88   fdiv.o
       110          0          0          0          0        168   fepilogue.o
        50          0          0          0          0         68   ffixi.o
        40          0          0          0          0         68   ffixui.o
        18          0          0          0          0         68   fflti.o
       100          0          0          0          0         76   fmul.o

    ----------------------------------------------------------------------
      1352         36          0          4          0       1336   Library Totals
         6          0          0          0          0          0   (incl. Padding)

    ----------------------------------------------------------------------

      Code (inc. data)   RO Data    RW Data    ZI Data      Debug   Library Name

       728         36          0          4          0        660   mc_w.l
       618          0          0          0          0        676   mf_w.l

    ----------------------------------------------------------------------
      1352         36          0          4          0       1336   Library Totals

    ----------------------------------------------------------------------

==============================================================================


      Code (inc. data)   RO Data    RW Data    ZI Data      Debug   

     23296       1578       6508        192      46064     779218   Grand Totals
     23296       1578       6508        192      46064     779218   ELF Image Totals
     23296       1578       6508        192          0          0   ROM Totals

==============================================================================

    Total RO  Size (Code + RO Data)                29804 (  29.11kB)
    Total RW  Size (RW Data + ZI Data)             46256 (  45.17kB)
    Total ROM Size (Code + RO Data + RW Data)      29996 (  29.29kB)

==============================================================================

